                Large Project Roadmap With Intentionally Long Ti                
────────────────────────────────────────────────────────────────────────────────
Planning────────────────────────────────────────────────────────────────────────
 Requirements        ────                                                       
 Architecture           ────                                                    
 Design Review             ─────                                                
Development Phase 1─────────────────────────────────────────────────────────────
 Core Module                   ────                                             
 Auth Module                      ─────                                         
 API Layer                            ────                                      
 Database Setup                          ────                                   
Development Phase 2─────────────────────────────────────────────────────────────
 Frontend                                   ─────                               
 Integration                                    ────                            
 Performance                                       ─────                        
Testing─────────────────────────────────────────────────────────────────────────
 Unit Tests                                            ────                     
 Integration Tests                                        ────                  
 Load Tests                                                  ─────              
 Security Audit                                                  ────           
Release─────────────────────────────────────────────────────────────────────────
 Staging Deploy                                                     ─────       
 UAT                                                                    ────    
 Production Deploy                                                         ─────