 1: Tour │ 2: Dash │ 3: Shakes          
╭──────────────Dashboard───────────────╮
│FRANKENTUI DASHBOARD                  │
│╭──Plasma───╮CPU ▃ ▃▃▂▂▁▁▄▃▄▂▅▅▅▆▂▄▅▃▆│
││⣿⣿⣿⣿⣿⣿⣿⣿⣿⣿⣿│MEM ▅▂ ▃▁▄▄▂▂▇▅▃▅▂▃▄▆▄▇█▂│
││Click → Vis│FPS:0 38x6               │
│╰───────────╯                         │
│t:theme q:quit                        │
╰──────────────────────────────────────╯
 Dashboard [2/43]           40x10 00:00 