 Tour │ Core │ Visuals │ Interact │ Text │ Systems │                            
 Dash │ Inline │                                                                
╭──────────────────────────────────Dashboard───────────────────────────────────╮
│FRANKENTUI DASHBOARD                                                          │
│╭─────────Plasm┌────────────── Command Palette ───────────────┐               │
││⣿⣿⣿⣿⣿⣿⣿⣿⣿⣿⣿⣿⣿⣿│>Type to search...                            │               │
││⣿⣿⣿⣿⣿⣿⣿⣿⣿⣿⣿⣿⣿⣿│> [App] Quit  Exit the application            │               │
││⣿⣿⣿⣿⣿⣿⣿⣿⣿⣿⣿⣿⣿⣿│  [View] Toggle Help  Show or hide the keyboa…│               │
││⣿⣿⣿⣿⣿⣿⣿⣿⣿⣿⣿⣿⣿⣿│  [View] Cycle Theme  Switch to the next colo…│               │
││⣿⣿⣿⣿⣿⣿⣿⣿⣿⣿⣿⣿⣿⣿│  [View] Toggle Debug Overlay  Show or hide t…│               │
││⣿⣿⣿⣿⣿⣿⣿⣿⣿⣿⣿⣿⣿⣿│  [View] Toggle Performance HUD  Show or hide…│               │
││⣿⣿⣿⣿⣿⣿⣿⣿⣿⣿⣿⣿⣿⣿│  [View] Toggle Evidence Ledger  Show VOI dec…│               │
││⣿⣿⣿⣿⣿⣿⣿⣿⣿⣿⣿⣿⣿⣿└──────────────────────────────────────────────┘               │
││⣿⣿⣿⣿⣿⣿⣿⣿⣿⣿⣿⣿⣿⣿⣿⣿⣿⣿⣿⣿⣿⣿⣿⣿⣿│                                                   │
││⣿⣿⣿⣿⣿⣿⣿⣿⣿⣿⣿⣿⣿⣿⣿⣿⣿⣿⣿⣿⣿⣿⣿⣿⣿│                                                   │
││⣿⣿⣿⣿⣿⣿⣿⣿⣿⣿⣿⣿⣿⣿⣿⣿⣿⣿⣿⣿⣿⣿⣿⣿⣿│                                                   │
││⣿⣿⣿⣿⣿⣿⣿⣿⣿⣿⣿⣿⣿⣿⣿⣿⣿⣿⣿⣿⣿⣿⣿⣿⣿│                                                   │
││⣿⣿⣿⣿⣿⣿⣿⣿⣿⣿⣿⣿⣿⣿⣿⣿⣿⣿⣿⣿⣿⣿⣿⣿⣿│                                                   │
││⣿⣿⣿⣿⣿⣿⣿⣿⣿⣿⣿⣿⣿⣿⣿⣿⣿⣿⣿⣿⣿⣿⣿⣿⣿│                                                   │
││Click → Visual Effects⣿⣿⣿│FPS:0 78x19                                        │
│╰─────────────────────────╯                                                   │
│t:theme q:quit                                                                │
╰──────────────────────────────────────────────────────────────────────────────╯
 Dashboard [1/36]  Cyberpunk Aurora          tick:0 frm:0           80x24 00:00 