 1: Tour │ 2: Dash │ 3: Shakes │ 4: Code │ 5: Widgets │ 6: Layout │ 7: Forms    
╭─────────────────────────────────Guided Tour──────────────────────────────────╮
│                                                                              │
│                                                                              │
│                                                                              │
│                                                                              │
│        ╭────────────────────────Guided Tour─────────────────────────╮        │
│        │A 2–3 minute auto-play tour across key screens.             │        │
│        │Click, Enter, or Space to start.                            │        │
│        │Start step: 1/16 · Speed: 1.00x                             │        │
│        │Landing controls: ↑/↓ or j/k step · wheel cycle · +/- speed │        │
│        │· r reset                                                   │        │
│        │In-tour controls: Space pause · ←/→ or n/p step · Esc exit  │        │
│        │                                                            │        │
│        │                                                            │        │
│        │                                                            │        │
│        ╰────────────────────────────────────────────────────────────╯        │
│                                                                              │
│                                                                              │
│                                                                              │
│                                                                              │
│                                                                              │
╰──────────────────────────────────────────────────────────────────────────────╯
 Guided Tour [1/43] [h] [cmd] [p] [d]    Tab/Shift+Tab: next/prev     0x0 00:00 