 1: Tour │ 2: Dash │ 3: Shakes │ 4: Code │ 5: Widgets │ 6: Layout │ 7: Forms │  
╭─────────────────────────────Table Theme Gallery──────────────────────────────╮
│╭────────────────────────────Table Theme Gallery─────────────────────────────╮│
││                                                                            ││
││                                                                            ││
││                                                                            ││
││                                                                            ││
││                                                                            ││
││                                                                            ││
││                                                                            ││
││                                                                            ││
││                                                                            ││
││╰────────────────────────────Terminal Classic+─────────────────────────────╯││
││                                                                            ││
││╭───────────────────────Preview · Aurora · Markdown────────────────────────╮││
│││View(V): Markdown | Header(H): Off | Zebra(Z): Subtle                     │││
│││Border(B): Preset | Highlight(L): Off | Arrows/Tab: Select | R: Reset     │││
│││┌────────────┬────────┬───┐                                               │││
││││ Latency    │ 16.2ms │ v │                                               │││
││││ Errors     │ 0.3%   │ v │                                               │││
││╰──────────────────────────────────────────────────────────────────────────╯││
│╰────────────────────────────────────────────────────────────────────────────╯│
╰──────────────────────────────────────────────────────────────────────────────╯
 Table Theme Gallery [11/38]  Cyberpunk AuroraTab/Shift+Tab: next/prev0x0 00:00 