 1: Tour │ 2: Dash │ 3: Shakes │ 4: Code │ 5: Widgets │ 6: Layout │ 7: Forms │  
╭────────────────────────────Terminal Capabilities─────────────────────────────╮
│╭─────────────────────── Terminal Capability Explorer ───────────────────────╮│
││Profile: detected | View: Matrix                                            ││
││Color depth: mono | Mux: no | Sync output: yes                              ││
││Scroll region: yes | Hyperlinks: no | Clipboard: yes | overrides: none      ││
│╰────────────────────────────────────────────────────────────────────────────╯│
│╭ Capability Matrix ────────────────────────╮╭ Details ──────────────────────╮│
││Capability          │Detected │Effective│Fa││Capability: True color (24-bit)││
││True color (24-bit) │no       │no       │mo││Detected: no                   ││
││256-color palette   │no       │no       │mo││Effective: no                  ││
││Synchronized output │yes      │yes      │en││Fallback: mono                 ││
││Scroll region (DECST│yes      │yes      │en││Reason: Conservative default (i││
││OSC 8 hyperlinks    │no       │no       │pl││                               ││
││Kitty keyboard proto│yes      │yes      │en│╰───────────────────────────────╯│
││Focus events        │yes      │yes      │en│╭ Fallback Policy ──────────────╮│
││Bracketed paste     │yes      │yes      │en││Sync output: yes (enabled)     ││
││SGR mouse           │yes      │yes      │en││Scroll region: yes (enabled)   ││
││OSC 52 clipboard    │yes      │yes      │en│╰───────────────────────────────╯│
││                                           │╭ Environment ──────────────────╮│
││                                           ││TERM=xterm-256color            ││
│╰───────────────────────────────────────────╯╰───────────────────────────────╯│
╰──────────────────────────────────────────────────────────────────────────────╯
 Terminal Capabilities [12/38]        Tab/Shift+Tab: next/prev        0x0 00:00 