 1: Dash │ 2: Shakes │ 3: Code │ 4: Widgets │ 5: Layout │ 6: Forms │ 7: DataViz │ 8: Files │ 9: Adv │ 0: Perf │         
╭──────────────────────────────────────────────────────Dashboard───────────────────────────────────────────────────────╮
│FRANKENTUI DASHBOARD                                                                                                  │
│╭────────Plasma────────╮╭─────────────Charts──────────────╮╭──────────────Code───────────────╮╭─────────Info─────────╮│
││⣿⣿⣿⣿⣿⣿⣿⣿⣿⣿⣿⣿⣿⣿⣿⣿⣿⣿⣿⣿⣿⣿││CPU ▃ ▃▃▂▂▁▁▄▃▄▂▅▅▅▆▂▄▅▃▆▅▄▄▆▆▅▆▇││// FrankenTUI                    ││FPS: 0                ││
││⣿⣿⣿⣿⣿⣿⣿⣿⣿⣿⣿⣿⣿⣿⣿⣿⣿⣿⣿⣿⣿⣿││MEM ▅▂ ▃▁▄▄▂▂▇▅▃▅▂▃▄▆▄▇█▂▆▅▄▂▇▅▆█││use ftui::*;                     ││118x36                ││
││⣿⣿⣿⣿⣿⣿⣿⣿⣿⣿⣿⣿⣿⣿⣿⣿⣿⣿⣿⣿⣿⣿┌────────────────────────── Command Palette ───────────────────────────┐Cyberpunk Aurora      ││
││⣿⣿⣿⣿⣿⣿⣿⣿⣿⣿⣿⣿⣿⣿⣿⣿⣿⣿⣿⣿⣿⣿│>Type to search...                                                    │Tick: 30              ││
││⣿⣿⣿⣿⣿⣿⣿⣿⣿⣿⣿⣿⣿⣿⣿⣿⣿⣿⣿⣿⣿⣿│  [Navigate] Go to Markdown  Switch to the Markdown screen            │                      ││
││⣿⣿⣿⣿⣿⣿⣿⣿⣿⣿⣿⣿⣿⣿⣿⣿⣿⣿⣿⣿⣿⣿│  [Navigate] Go to Dashboard  Switch to the Dashboard screen          │                      ││
││⣿⣿⣿⣿⣿⣿⣿⣿⣿⣿⣿⣿⣿⣿⣿⣿⣿⣿⣿⣿⣿⣿│  [Navigate] Go to Layout Lab  Switch to the Layout Lab screen        │                      ││
││⣿⣿⣿⣿⣿⣿⣿⣿⣿⣿⣿⣿⣿⣿⣿⣿⣿⣿⣿⣿⣿⣿│  [Navigate] Go to Shakespeare  Switch to the Shakespeare screen      │                      ││
││⣿⣿⣿⣿⣿⣿⣿⣿⣿⣿⣿⣿⣿⣿⣿⣿⣿⣿⣿⣿⣿⣿│  [Navigate] Go to Performance  Switch to the Performance screen      │                      ││
││⣿⣿⣿⣿⣿⣿⣿⣿⣿⣿⣿⣿⣿⣿⣿⣿⣿⣿⣿⣿⣿⣿│  [Navigate] Go to File Browser  Switch to the File Browser screen    │                      ││
││⣿⣿⣿⣿⣿⣿⣿⣿⣿⣿⣿⣿⣿⣿⣿⣿⣿⣿⣿⣿⣿⣿│  [Navigate] Go to Code Explorer  Switch to the Code Explorer screen  │                      ││
││⣿⣿⣿⣿⣿⣿⣿⣿⣿⣿⣿⣿⣿⣿⣿⣿⣿⣿⣿⣿⣿⣿│  [Navigate] Go to Forms & Input  Switch to the Forms & Input screen  │                      ││
││⣿⣿⣿⣿⣿⣿⣿⣿⣿⣿⣿⣿⣿⣿⣿⣿⣿⣿⣿⣿⣿⣿│  [Navigate] Go to Widget Gallery  Switch to the Widget Gallery screen│                      ││
││⣿⣿⣿⣿⣿⣿⣿⣿⣿⣿⣿⣿⣿⣿⣿⣿⣿⣿⣿⣿⣿⣿│  [Navigate] Go to Macro Recorder  Switch to the Macro Recorder screen│                      ││
││⣿⣿⣿⣿⣿⣿⣿⣿⣿⣿⣿⣿⣿⣿⣿⣿⣿⣿⣿⣿⣿⣿│  [Navigate] Go to Visual Effects  Switch to the Visual Effects screen│CPU ██████░░░░░░░  46%││
││⣿⣿⣿⣿⣿⣿⣿⣿⣿⣿⣿⣿⣿⣿⣿⣿⣿⣿⣿⣿⣿⣿│> [View] Toggle Debug Overlay  Show or hide the debug information pan…│MEM █████░░░░░░░░  41%││
││⣿⣿⣿⣿⣿⣿⣿⣿⣿⣿⣿⣿⣿⣿⣿⣿⣿⣿⣿⣿⣿⣿└──────────────────────────────────────────────────────────────────────┘DSK █████████░░░░  67%││
│╰──────────────────────╯╰─────────────────────────────────╯╰─────────────────────────────────╯╰──────────────────────╯│
│╭─────────Statistics─────────╮╭──────────────────Activity───────────────────╮╭───────────────Markdown────────────────╮│
││14S 45W 7E                  ││- 00:02 CPU spike detected on core 3         ││Bold italic `code` E=mc²               ││
││                            ││                                             ││✓ TUI framework                        ││
││                            ││                                             ││                                       ││
││                            ││                                             ││                                       ││
││                            ││                                             ││                                       ││
││                            ││                                             ││                                       ││
││                            ││                                             ││                                       ││
││                            ││                                             ││                                       ││
││                            ││                                             ││                                       ││
││                            ││                                             ││                                       ││
││                            ││                                             ││                                       ││
││                            ││                                             ││                                       ││
││                            ││                                             ││                                       ││
│╰────────────────────────────╯╰─────────────────────────────────────────────╯╰───────────────────────────────────────╯│
│1-9:screens | Tab:next | t:theme | ?:help | q:quit                                                                    │
╰──────────────────────────────────────────────────────────────────────────────────────────────────────────────────────╯
 Dashboard [1/14]  Cyberpunk Aurora                               tick:0 frm:0                                0x0 00:00 