╭──────────────Sparklines──────────────╮╭─────────Bar Chart (Vertical)─────────╮╭────────────Spectrum Bars─────────────╮
│Sine wave:                            ││                              ▁▁    ██││          █ █                         │
│▄▇█▅▁ ▃▇█▆▂ ▂▆█▇▃ ▁▅█▇▄▁ ▃▇█▅▁        ││                              ██    ██││          █ █ █                       │
│Cosine wave:                          ││                ▆▆            ██ ▃▃ ██││        █ █ █ █                       │
│█▆▂ ▁▅█▇▃ ▁▄▇█▅▁ ▃▇█▆▂ ▂▆█▇▃ ▁        ││      ▄▄  ██    ██            ██ ██ ██││        █ █ █ █                       │
│Random noise:                         ││      ██  ██    ██     ██ ▃▃  ██ ██ ██││        █ █ █ █                       │
│█▇▁▃▁▅▃▄▄▆ █▂ ▃▃▆▃▅█▁█▄ ▇▆▃▁          ││▂▂    ██  ██ ▆▆ ██     ██ ██  ██ ██ ██││      █ █ █ █ █                       │
│SIN █░░░░░░░ COS █░░░░░░░ RND ░░░░░░░░││██ ▅▅ ██  ██ ██ ██  ▁▁ ██ ██  ██ ██ ██││      █ █ █ █ █                       │
│                                      ││██ ██ ██  ██ ██ ██  ██ ██ ██  ██ ██ ██││    █ █ █ █ █ █                       │
│                                      ││██ ██ ██  ██ ██ ██  ██ ██ ██  ██ ██ ██││    █ █ █ █ █ █                       │
│                                      ││██ ██ ██  ██ ██ ██  ██ ██ ██  ██ ██ ██││█ █ █ █ █ █ █ █                       │
│                                      ││██ ██ ██  ██ ██ ██  ██ ██ ██  ██ ██ ██││█ █ █ █ █ █ █ █                       │
│                                      ││██ ██ ██  ██ ██ ██  ██ ██ ██  ██ ██ ██││█ █ █ █ █ █ █ █                       │
│                                      ││██ ██ ██  ██ ██ ██  ██ ██ ██  ██ ██ ██││█ █ █ █ █ █ █ █                       │
│                                      ││   Q         Q         Q         Q    ││3 6 1 2 5 1 2 4                       │
╰──────────────────────────────────────╯╰──────────────────────────────────────╯╰──────────────────────────────────────╯
╭──────────────Line Chart──────────────╮╭───────────Canvas + Heatmap───────────╮╭────────────Signal Matrix─────────────╮
││⡄      ⢀ ⢠       ⡄     ⡄    ■ sin(t) ││⡏⡭⠭⠭⠭⠭⠭⠭⠭⠭⠍⠭⠭⠩⣉⡉⣉⢉⡉⢉⡉⣉⢉⣉⠍⠭⠭⠩⠭⠭⠭⠭⠭⠭⠭⠭⢭⡇││Heatmap:                              │
││⢱⡔⢺    ⡜⢣⡏⡆   ⢰⠊⣧⠛⡄   ⢸⢱⡸⢢  ■ cos(t) ││⡇⠙⠲⠤⣄⡀   ⡀⣀⠤⠠⠔⠂⠒⠁⠉⠉⠉⠉⠈⠒⠐⠢⠄⠤⣀⢀   ⢀⣠⠤⠖⠋⡇││                                      │
││⢘⡇ ⡇  ⢀⠇⢸ ⢱   ⡜ ⢹ ⢱   ⡇⠈⡇⠈⡆  ⢰⠁⢸ ⢸   ││⡇  ⣀⡠⠜⠛⠙⠛⠤⠄⣀⡀            ⢀⣀⠠⠤⠛⠋⠛⠣⢄⣀  ⡇││                                      │
││⢸⡇ ⡇  ⡸ ⡸⡇⠈⡆  ⡇ ⣿ ⠸⡀ ⢰⠁⢰⢱ ⢇  ⡎ ⡟⡄⠸⡀  ││⡇⡴⠋⠁        ⠈⠈⠑⠐⠢⠠⣄⣠⠄⠔⠂⠊⠁⠁        ⠈⠙⢦⡇││                                      │
││⢸⢸ ⢸  ⡇ ⡇⡇ ⡇ ⢀⠇⢀⠏⡆ ⡇ ⢸ ⡜⢸ ⢸  ⡇ ⡇⡇ ⡇  ││⡇⢇⡀       ⢀⣀⠄⠤⠂⠒⠁⠉  ⠉⠈⠒⠐⠤⠠⣀⡀       ⢀⡸⡇││                                      │
││⡇⠘⡄⢸ ⢀⠇ ⡇⢣ ⢸ ⢸ ⢸ ⡇ ⡇ ⡇ ⡇ ⡇⠈⡆⢸ ⢠⠃⢸ ⢣  ││⡇ ⠉⠒⣤⣤⣤⠒⠊⠁⠁                ⠈⠈⠑⠒⣤⣤⣤⠒⠉ ⡇││                                      │
││⠁ ⡇ ⡇⢸ ⢰⠁⢸ ⢸ ⡸ ⡜ ⢱ ⢱⢠⠃⢠⠃ ⡇ ⡇⢸ ⢸ ⠸⡀⢸  ││⡇⡴⠒⠉   ⠉⠁⠒⠒⠄⠤⢄⢀⣀⢀    ⡀⣀⡀⡠⠤⠠⠒⠒⠈⠉   ⠉⠒⢦⡇││                                      │
││  ⢱ ⢣⢸ ⢸ ⠘⡄⠘⡄⡇ ⡇ ⠸⡀⢸⢸ ⢸  ⢣ ⢱⡜ ⡎  ⡇ ⡇ ││⠧⠽⠶⠶⠶⠶⠶⠶⠴⠶⠶⠦⠶⠦⠶⠶⠬⠭⠭⠭⠭⠥⠶⠶⠴⠶⠴⠶⠶⠦⠶⠶⠶⠶⠶⠶⠯⠇││                                      │
││  ⢸ ⢸⡎ ⡇  ⢇ ⣷⠁⢸   ⡇⠘⡎ ⢸  ⢸ ⢸⡇⢀⠇  ⢣ ⢇ ││Heatmap                               ││                                      │
││   ⡇⢈⡇⢰⠁  ⢸ ⣹ ⡜   ⢱ ⡇ ⡇  ⠈⡆⢸⡇⢸   ⢸ ⢸ ││                                      ││                                      │
││   ⢣⡜⠱⡜   ⠈⡦⠃⣇⠇   ⠈⢶⢱⡰⠁   ⢸⡸⢇⡎   ⠈⣦⠃ ││                                      ││                                      │
││   ⠘  ⠁      ⠘     ⠈⠈      ⠃      ⠁  ││                                      ││                                      │
│└─────────────────────────────────────││                                      ││                                      │
╰──────────────────────────────────────╯╰──────────────────────────────────────╯╰──────────────────────────────────────╯
╭───────────Sine────────────╮ ╭────────────Cos────────────╮ ╭───────────Noise───────────╮ ╭────────────Mix────────────╮ 
│▄▇█▅▁ ▃▇█▆▂ ▂▆█▇▃ ▁▅█▇▄▁ ▃▇│ │█▆▂ ▁▅█▇▃ ▁▄▇█▅▁ ▃▇█▆▂ ▂▆█▇│ │█▇▁▃▁▅▃▄▄▆ █▂ ▃▃▆▃▅█▁█▄ ▇▆▃│ │▇█▅▂ ▂▆█▆▃ ▁▅█▇▄  ▄▇█▅▁ ▃▆█│ 
│█████░░░░░░░░░░░░░░░░░░░░░░│ │███░░░░░░░░░░░░░░░░░░░░░░░░│ │█░░░░░░░░░░░░░░░░░░░░░░░░░░│ │████░░░░░░░░░░░░░░░░░░░░░░░│ 
│17%                        │ │13%                        │ │4%                         │ │15%                        │ 
│                           │ │                           │ │                           │ │                           │ 
│                           │ │                           │ │                           │ │                           │ 
│                           │ │                           │ │                           │ │                           │ 
╰───────────────────────────╯ ╰───────────────────────────╯ ╰───────────────────────────╯ ╰───────────────────────────╯ 
Tick: 30 | ←/→/↑/↓: panels | d: toggle bar direction                                                                    