╭─────Project Tree──────╮ ╭──────Files (23 items)───────╮ ╭──Preview: ?? .git──╮
│?? my-app              │ │?? / ?? home → ?? user → ?? p│ │Directory  •  Size: │
│├── ?? src             │ │   Na Perms             Size │ │Path: /home/user/pro│
││   ├── ?? main.rs     │ │?? .g drwxr-xr-x          -- │ │Preview:            │
││   ├── ?? lib.rs      │ │?? as drwxr-xr-x          -- │ │Directory contents: │
││   └── ?? models      │ │?? do drwxr-xr-x          -- │ │  ?? .git           │
││       ├── ?? user.rs │ │?? sr drwxr-xr-x          -- │ │  ?? assets         │
││       └── ?? post.rs │ │?? ta drwxr-xr-x          -- │ │  ?? docs           │
│├── ?? tests           │ │?? te drwxr-xr-x          -- │ │  ?? src            │
││   ├── ?? test_app.py │ │?? bu lrwxr-xr-x        48 B │ │  ?? target         │
││   └── ?? integration.│ │?? ap -rwxr-xr-x      1.5 KB │ │  ?? tests          │
│├── ?? docs            │ │?? Ca -rw-r--r--       512 B │ │  ?? build.sh       │
││   ├── ?? README.md   │ │?? co -rw-r--r--       256 B │ │  ?? app.py         │
││   └── ?? API.md      │ │?? co -rw-r--r--    512.0 KB │ │                    │
│├── ?? Cargo.toml      │ │?? da -rw-r--r--     10.2 KB │ │                    │
│├── ?? package.json    │ │?? de -rw-r--r--     12.6 MB │ │                    │
│└── ?? .gitignore      │ │?? li -rw-r--r--      4.1 KB │ │                    │
│                       │ │?? lo -rw-r--r--    424.1 KB │ │                    │
│                       │ │?? ma -rw-r--r--      2.0 KB │ │                    │
│                       │ │?? mo -rw-r--r--       512 B │ │                    │
│                       │ │?? pa -rw-r--r--       384 B │ │                    │
│                       │ │?? RE -rw-r--r--      3.1 KB │ │                    │
╰───────────────────────╯ ╰─────────────────────────────╯ ╰────────────────────╯
?? .git  | h/l: panels | j/k: navigate | g/G: first/last | Enter: open | Backspa