╭─────Project Tree──────╮ ╭Files (23 i╮ 
│DR my-app              │ │? / DR hom│ 
│├── DR src             │ │    Perms  │ 
││   ├── RS main.rs     │ │DR  drwxr-x│ 
││   ├── RS lib.rs      │ │DR  drwxr-x│ 
││   └── DR models      │ │DR  drwxr-x│ 
││       ├── RS user.rs │ │DR  drwxr-x│ 
││       └── RS post.rs │ │DR  drwxr-x│ 
╰───────────────────────╯ ╰───────────╯ 
DR .git  | h/l: panels | j/k: navigate |