╭─────Project Tree──────╮ ╭Files (23 i╮ 
│?? my-app              │ │?? / ?? hom│ 
│├── ?? src             │ │    Perms  │ 
││   ├── ?? main.rs     │ │??  drwxr-x│ 
││   ├── ?? lib.rs      │ │??  drwxr-x│ 
││   └── ?? models      │ │??  drwxr-x│ 
││       ├── ?? user.rs │ │??  drwxr-x│ 
││       └── ?? post.rs │ │??  drwxr-x│ 
╰───────────────────────╯ ╰───────────╯ 
?? .git  | h/l: panels | j/k: navigate |