 1: Tour │ 2: Dash │ 3: Shakes │ 4: Code │ 5: Widgets │ 6: Layout │ 7: Forms    
╭──────────────────────────────────Dashboard───────────────────────────────────╮
│FRANKENTUI DASHBOARD  ╭─────────────────────Guided Tour──────────────────────╮│
│╭──────Plasma──────╮╭─│1/11 · Tour · LIVEe────────╮╭───Code · Rust (1/28)────││
││⣿⣿⣿⣿⣿⣿⣿⣿⣿⣿⣿⣿⣿⣿⣿⣿⣿⣿││g│Speed 1.00x · Next 10.0si b││// runtime.rs            ││
││⣿⣿⣿⣿⣿⣿⣿⣿⣿⣿⣿⣿⣿⣿⣿⣿⣿⣿││C│Dashboard▁▄▃▄▂▅▅▅▆▂▄▅▃▆ 46%││use std::{collections::Ha││
││⣿⣿⣿⣿⣿⣿⣿⣿⣿⣿⣿⣿⣿⣿⣿⣿⣿⣿││M│Start on the cinematic dashboard and click tiles to   ││
││⣿⣿⣿⣿⣿⣿⣿⣿⣿⣿⣿⣿⣿⣿⣿⣿⣿⣿││N│jump straight into each capability.ui_core::event::Eve││
││⣿⣿⣿⣿⣿⣿⣿⣿⣿⣿⣿⣿⣿⣿⣿⣿⣿⣿││O│Mouse: click tiles • Enter activates focused tile •:Ce││
││⣿⣿⣿⣿⣿⣿⣿⣿⣿⣿⣿⣿⣿⣿⣿⣿⣿⣿││E│1-9 jumps screens IO  ░░░░░│╰─────────────────────────││
││⣿⣿⣿⣿⣿⣿⣿⣿⣿⣿⣿⣿⣿⣿⣿⣿⣿⣿││ │Controls: Space pause · ←/→ step · Esc exit───────────││
││⣿⣿⣿⣿⣿⣿⣿⣿⣿⣿⣿⣿⣿⣿⣿⣿⣿⣿││ │Steps:                     ││Status:NOMINAL FPS:0     ││
││Click → Visual Eff││C│▶ Tour · Dashboard         ││Click → Performance      ││
│╰──────────────────╯╰─│• Tour · Inline Mode───────╯╰─────────────────────────││
│╭Text FX · 2-Up (1/28)│• Interaction · Hyperlink Playgrounddown · Streaming…╮││
││Sample 1 of 3 · 2-Up ╰──────────────────────────────────────────────────────╯│
││1 · None · S1        ││ INFO  00:02   CPU spike dete││                     │ │
││2 · FadeIn · S2      ││                             ││                     │ │
││## GFM Stress · Ledge││                             ││                     │ │
││e: next set · click →││Click → Action Timeline      ││Click → Markdown     │ │
│╰─────────────────────╯╰─────────────────────────────╯╰─────────────────────╯ │
│g:charts c:code e:fx m:md | 1-9:screens | Tab:next | t:theme | ?:help | q:quit│
╰──────────────────────────────────────────────────────────────────────────────╯
 Dashboard [1/42] [h] [cmd] [p] [d]    Tab/Shift+Tab: next/prev     80x24 00:00 