Hyperlink Playground  OSC-8 + Hit Regions                                                                               
Up/Down move · Tab cycle · Enter activate · Mouse hover/click                                                           
                                                                                                                        
╭Links (OSC-8)───────────────────────────────────────╮╭Details & Registry──────────────────────────────────────────────╮
│  FrankenTUI                                        ││Selected: Docs                                                  │
│> Docs                                              ││URL: https://ftui.dev/docs                                      │
│  GitHub                                            ││Registry ID: 2                                                  │
│  OSC 8 Spec                                        ││Hit: id=8001 region=Link data=2                                 │
│  ANSI Reference                                    ││OSC 8 open: \x1b]8;;https://ftui.dev/docs\x1b\                  │
│                                                    ││OSC 8 close: \x1b]8;;\x1b\                                      │
│                                                    ││Notes: Reference and guides                                     │
│                                                    ││Hover: None                                                     │
│                                                    ││                                                                │
│                                                    ││Registry map                                                    │
│                                                    ││[1] FrankenTUI                                                  │
│                                                    ││[2] Docs                                                        │
│                                                    ││[3] GitHub                                                      │
│                                                    ││[4] OSC 8 Spec                                                  │
│                                                    ││[5] ANSI Reference                                              │
│                                                    ││                                                                │
│                                                    ││                                                                │
│                                                    ││                                                                │
│                                                    ││                                                                │
│                                                    ││                                                                │
│                                                    ││                                                                │
│                                                    ││                                                                │
│                                                    ││                                                                │
│                                                    ││                                                                │
│                                                    ││                                                                │
│                                                    ││                                                                │
│                                                    ││                                                                │
│                                                    ││                                                                │
│                                                    ││                                                                │
│                                                    ││                                                                │
│                                                    ││                                                                │
│                                                    ││                                                                │
│                                                    ││                                                                │
│                                                    ││                                                                │
│                                                    ││                                                                │
╰────────────────────────────────────────────────────╯╰────────────────────────────────────────────────────────────────╯