                                 [English]  Español  Français  Русский  العربية  ??????                                 
                                                                                                                        
────────────────────────────────────────────────────────────────────────────────────────────────────────────────────────
╭Unicode Stress Lab────────────────────────────────────────────────────────────────────────────────────────────────────╮
│Set: Emoji & ZWJ — ZWJ sequences and flags                                                                            │
│Sample 2/3: Family emoji (family_emoji)                                                                               │
╰──────────────────────────────────────────────────────────────────────────────────────────────────────────────────────╯
                                                                                                                        
╭Wrap + Truncate───────────────────────────────────────────────────────────────────────────────────────────────────────╮
│Original:                                                                                                             │
│??                                                                                                                    │
│                                                                                                                      │
│Wrapped (116 cols):                                                                                                   │
│??                                                                                                                    │
│                                                                                                                      │
│Truncate (116 cols): ?? (w=2)                                                                                         │
│Raw truncate: ?? (w=2)                                                                                                │
│                                                                                                                      │
│                                                                                                                      │
│                                                                                                                      │
│                                                                                                                      │
│                                                                                                                      │
│                                                                                                                      │
│                                                                                                                      │
│                                                                                                                      │
│                                                                                                                      │
│                                                                                                                      │
│                                                                                                                      │
│                                                                                                                      │
╰──────────────────────────────────────────────────────────────────────────────────────────────────────────────────────╯
                                                                                                                        
╭Grapheme Inspector─────────────────────────────────────────────╮ ╭Tricky Widths───────────────────────────────────────╮
│Cursor 1/1  (Shift+Left/Right)                                 │ │Known tricky cases (expected width)                 │
│Idx  Grapheme  Width  Bytes                                    │ │                                                    │
│> 0  ??  w=2  b=25                                             │ │Combining ?       exp=1 got=1 ok                    │
│                                                               │ │CJK       ??        exp=2 got=2 ok                  │
│                                                               │ │Emoji     ??        exp=2 got=2 ok                  │
│                                                               │ │Flag      ??       exp=2 got=2 ok                   │
╰───────────────────────────────────────────────────────────────╯ ╰────────────────────────────────────────────────────╯
 Tab/1-4: panels (Stress Lab)  L/R: locale  Set: emoji  Sample: 2/3  Cursor: 1/1  Current: English (en)                 