             [English]  Español  Français  Русский  العربية  ???             
                                                                                
────────────────────────────────────────────────────────────────────────────────
╭String Lookup─────────────────────────╮ ╭Coverage Report──────────────────────╮
│--- Internationalization ---          │ │--- Coverage Report ---              │
│                                      │ │                                     │
│  Hello!                              │ │  Total keys: 6                      │
│  Welcome, Alice!                     │ │  Locales: 6                         │
│                                      │ │                                     │
│  Locale: English (English)           │ │  ar 100% (6/6)                      │
│  Direction: Left-to-Right            │ │  en 100% (6/6) <--                  │
│  Flow: Ltr                           │ │  es 100% (6/6)                      │
│                                      │ │  fr 100% (6/6)                      │
│                                      │ │  ja 100% (6/6)                      │
│                                      │ │  ru 100% (6/6)                      │
│                                      │ │                                     │
│                                      │ │  Fallback chain: en                 │
│                                      │ │                                     │
│                                      │ │                                     │
│                                      │ │                                     │
│                                      │ │                                     │
│                                      │ │                                     │
╰──────────────────────────────────────╯ ╰─────────────────────────────────────╯
 Tab/1-4: panels (Overview)  L/R: locale  Dir: LTR  Current: English (en)       