╭────────────Macro Recorder────────────╮
│State: ○ Idle   Events: 0   Duration: │
│Speed: 1.00x   Loop: Off   Progress:  │
│Focus: [Controls]  [Timeline]  [Scenar│
│Quick Start: Enter load scenario  Spac│
│Space/r record/stop  Enter/p play/paus│
╰──────────────────────────────────────╯
╭───────Timeline───────╮╭─Event Detail─╮
│No macro loaded.      │╰──────────────╯
╰──────────────────────╯╰Scenario Runne╯