╭─────────────────────────────Live Markdown Editor─────────────────────────────╮
│╭───────────────────────────────────Search───────────────────────────────────╮│
││Query:    Search in editor (Ctrl+F)                         0 matches       ││
│╰────────────────────────────────────────────────────────────────────────────╯│
│                                                                              │
│╭───────────────Editor────────────────╮ ╭──────────────Preview───────────────╮│
││ 1  # Live Markdown Editor           │ │Live Markdown Editor                ││
││ 2                                   │ │                                    ││
││ 3  Write Markdown on the left,      │ │Write Markdown on the left, preview ││
││    preview on the right.            │ │on the right.                       ││
││ 4                                   │ │                                    ││
││ 5  ## Goals                         │ │Goals                               ││
││ 6                                   │ │• Split view editor + preview       ││
││ 7  - Split view editor + preview    │ │• Live updates without flicker      ││
││ 8  - Live updates without flicker   │ │• Search with highlighted matches   ││
││ 9  - Search with highlighted matches│ │• Diff mode: raw vs rendered width  ││
││10  - Diff mode: raw vs rendered     │ │                                    ││
││    width                            │ │Notes                               ││
││11                                   │ │                                    ││
││12  ## Notes                         │ │Inline math: E = mc²                ││
││13                                   │ │                                    ││
││14  Inline math: $E = mc^2$          │ │─── rust ───                        ││
│╰─────────────────────────────────────╯ ╰────────────────────────────────────╯│
╰──────────────────────────────────────────────────────────────────────────────╯