╭─────────────────────────────Live Markdown Editor─────────────────────────────╮
│╭───────────────────────────────────Search───────────────────────────────────╮│
││Query:    Search in editor (Ctrl+F)                         0 matches       ││
│╰────────────────────────────────────────────────────────────────────────────╯│
│                                                                              │
│╭───────────────Editor────────────────╮ ╭────────Preview (Diff Mode)─────────╮│
││ 1  # Live Markdown Editor           │ │Live Markdown Editor                ││
││ 2                                   │ │                                    ││
││ 3  Write Markdown on the left,      │ │Write Markdown on the left, preview ││
││    preview on the right.            │ │on the right.                       ││
││ 4                                   │ │                                    ││
││ 5  ## Goals                         │ │Goals                               ││
││ 6                                   │ │• Split view editor + preview       ││
││ 7  - Split view editor + preview    │ │• Live updates without flicker      ││
││ 8  - Live updates without flicker   │ │• Search with highlighted matches   ││
││ 9  - Search with highlighted matches│ │• Diff mode: raw vs rendered width  ││
││10  - Diff mode: raw vs rendered     │ │╭──────Raw vs Rendered Width───────╮││
││    width                            │ ││01 raw  22 md  20 Δ -2            │││
││11                                   │ ││02 raw   0 md   0 Δ +0            │││
││12  ## Notes                         │ ││03 raw  49 md  35 Δ -14           │││
││13                                   │ ││04 raw   0 md  13 Δ +13           │││
││14  Inline math: $E = mc^2$          │ │╰──────────────────────────────────╯││
│╰─────────────────────────────────────╯ ╰────────────────────────────────────╯│
╰──────────────────────────────────────────────────────────────────────────────╯