╭Markdown Re╮ ╭LLM Streami╮ ╭Style Samp╮
│GitHub-Fla │ │▌          │ │Bold  Dim │
│Markdown   │ │           │ │Strikethro│
│(Rich      │ │           │ │Dbl-Underl│
│Demo)      │ │           │ │          │
│           │ │           │ │Error  Suc│
│LaTeX +    │ │  [░░░░░░░]│ │          │
│Symbols    │ │  Detection│ ╰──────────╯
│           │ │  Confidenc│             
╰───────────╯ ╰───────────╯             