┌──────────────────────────────────────────────────────────────────────────────────────────────────────────────────────┐
│ Tier:auto Glyph:unicode Render:braille Wrap:wordchar Layout:auto Dir:auto Palette:default Zoom:100% VP:auto Gen:n24 b│
│                                                                                                                      │
│                                                                                                                      │
│                                                                                                                      │
└──────────────────────────────────────────────────────────────────────────────────────────────────────────────────────┘
┌ Mindmap [default] ───────────────────────────────────────────────────────────────────────┐┌ Metrics ─────────────────┐
│                                                                                          ││                          │
│                                                                                          ││Mode: normal              │
│                                                                                          ││Sample: Mindmap           │
│                                                                                          ││Palette: default          │
│                                                                                          ││Node: -                   │
│                                                                                          ││Epoch: a1/l1/r1           │
│                                                                                          ││VP: auto                  │
│                                                                                          ││                          │
│                                                                                Goals     ││Parse: -                  │
│                                                                                          ││Layout: -                 │
│                                                                                          ││Render: -                 │
│   Frontend                                                    Planning    ⢀ ⢰⣶⣶⣶⣶⣶⣶⣶⣶⣶⣶⣶ ││                          │
│ ⣀          ⡀                                                ⣀          ⣀  ⡏⠉⢹⣿⣿⣿⣿⣿⣿⣿⣿⣿⣿⣿ ││                          │
│ ⣿⣿⣿⣿⣿⣿⣿⣿⣿⣿⣿⡧⠤⠴⡄                                           ⡴⠤⣿⣿⣿⣿⣿⣿⣿⣿⣿⣿⣿⣿⠤⠤⣗              ││Cache: 0/0                │
│ ⠛⠛⠛⠛⠛⠛⠛⠛⠛⠛⠛⠃ ⢀⡇ ⣶ Development ⣶⡆    ⣶ root((Project))  ⡆  ⣇ ⠛⠛⠛⠛⠛⠛⠛⠛⠛⠛⠛⠛  ⡇ ⢰ Timeline ⣶ ││Last: MISS                │
│ ⣤⣤⣤⣤⣤⣤⣤⣤⣤⣤⣤⡄ ⠐⡏⠉⠿             ⠿⠏⠉⠉⠉⠉⠿                  ⠏⠉⠉⡗               ⠙⠉⠹          ⠿ ││                          │
│ ⣿⣿⣿⣿⣿⣿⣿⣿⣿⣿⣿⡧⠤⢤⠇                                           ⡇                              ││                          │
│ ⠉ Backend  ⠁                                              ⡇ ⣿⣿⣿⣿⣿⣿⣿⣿⣿⣿⣿⣿                 ││                          │
│                                                           ⠙⠉⠿⠿⠿⠿⠿⠿⠿⠿⠿⠿⠿⠿                 ││                          │
│                                                                                          ││                          │
│                                                               Testing                    ││                          │
│                                                                                          ││                          │
│                                                                                          ││                          │
│                                                                                          ││                          │
│                                                                                          ││                          │
│                                                                                          ││                          │
│                                                                                          ││                          │
│                                                                                          ││                          │
│                                                                                          ││                          │
│                                                                                          ││                          │
└──────────────────────────────────────────────────────────────────────────────────────────┘└──────────────────────────┘
NORMAL  j/k:sample u/U:nodes x/X:density t:tier p:palette H/J/K/L:pan []/{}:size o:reset /:filter Ctrl+U:clear ?:help   
                                                                                                                        