┌──────────────────────────────────────────────────────────────────────────────────────────────────────────────────────┐
│ Tier:auto Glyph:unicode Render:braille Wrap:wordchar Layout:auto Dir:auto Palette:default Zoom:100% VP:auto Gen:n24 b│
│                                                                                                                      │
│                                                                                                                      │
│                                                                                                                      │
└──────────────────────────────────────────────────────────────────────────────────────────────────────────────────────┘
┌ Sequence Parallel [default] ─────────────────────────────────────────────────────────────┐┌ Metrics ─────────────────┐
│                                                                                          ││                          │
│                                                                                          ││Mode: normal              │
│                                                                                          ││Sample: Sequence Parallel │
│      Auth        Gateway      Order Service      Product Service            User         ││Palette: default          │
│    Service                                                                               ││Node: -                   │
│                                                                                          ││Epoch: a1/l1/r1           │
│        │             │               │                   │                    │          ││VP: auto                  │
│                Place Order                                                               ││                          │
│  ⣤⣤⣤⣤⣤⣤│⣤⣤⣤⣤⣤  ⣤⣤⣤⣤⣤⣤│⣤⣤⣤⣤⣤ ⢠⣤⣤⣤⣤⣤⣤⣤⣤│⣤⣤⣤⣤⣤⣤⣤  ⣤⣤⣤⣤⣤⣤⣤⣤⣤⣤│⣤⣤⣤⣤⣤⣤⣤⣤⣤  ⣤⣤⣤⣤⣤⣤⣤⣤⣤│⣤⣤⣤⣤⣤⣤⣤⣤  ││Parse: -                  │
│ ┌par─Auth Check────────────────────────────────────────────────────────────────────────┐ ││Layout: -                 │
│ │⠉⠉⠉⠉⠉⠉│⠉⠉⠉⠉⠉  ⠉⠉⠉⠉⡉⠉│⠉⠉⠉⠉⠉ ⠈⠉Validate token⠉  ⠉⠉⠉⠉⠉⠉⠉⠉⠉⠉│⠉⠉⠉⠉⠉⠉⠉⠉⠉  ⠉⠉⠉⠉⠉⠉⠉⠉⠉│⠉⠉⠉⠉⠉⠉⠉⠉│ ││Render: -                 │
│ │      ⠒⠒⠒⠒⠒⠒⠒⠒⠒⠒⠒⠒⣟⠷⠂                                                                 │ ││                          │
│ │      │             │⠤⠤⠤⠤⠤⠤⠤⠤OK⠤⠤⠤⡷⣦│                   │                    │        │ ││                          │
│ │                    ⠴⣮⡧⠤⠤⠤⠤⠤⠤⠤⠤⠤⠤⠤⠭⠤⠄                                                 │ ││Cache: 0/0                │
│ ┌and─Inventory─────────────────────────────────────────────────────────────────────────┐ ││Last: MISS                │
│ │───────────────────────────────────────Check stock────────────────────────────────────│ ││                          │
│ │      │             │⠛⠏⠉⠉⠉⠉⠉⠉⠉⠉⠉⠉⠉⠉⠉│⠉⠉⠉⠉⠉⠉⠉⠉⠉⠉⠉⠉⠉⠉⠉⠉⠉⠉⠉│                  ⡀ │        │ ││                          │
│ │                    ⠒⢒⡒⠒⠒⠒⠒⠒⠒⠒⠒⠒⠒⠒⠒⠒⠒⠒⠒Available⠒⠒⠒⠒⠒⠒⠒⠒⠒⠒⠒⠒⠒⠒⠒⠒⠒⠒⠒⠒⠒⠒⠒⠒⠒⠒⠒⣟⠷⠂        │ ││                          │
│ │      │             │⠷⡗⠒⠒⠒⠒⠒⠒⠒⠒⠒⠒⠒⠒⠒│⠒⠒⠒⠒⠒⠒⠒⠒⠒⠒⠒⠒⠒⠒⠒⠒⠒⠒⠒│⠒⠒⠒⠒⠒⠒⠒⠒⠒⠒⠒⠒⠒⠒⠒⠒⠒⠒⠒⠒│        │ ││                          │
│ │      ⠴⣮⡧⠤⠤⠤⠤⠤⠤⠤⠤⠤⠤⠤⠄                            Create order                         │ ││                          │
│ │      │ ⠁           │               │                   │                    │        │ ││                          │
│ │                                                                                      │ ││                          │
│ │      │             │               │            Order ID                    │        │ ││                          │
│ │                                                                                      │ ││                          │
│ │      │       Confirmation          │                   │                    │        │ ││                          │
│ │                                                                                      │ ││                          │
│ │      │             │               │                   │                    │        │ ││                          │
│ └──────────────────────────────────────────────────────────────────────────────────────┘ ││                          │
│        │             │               │                   │                    │          ││                          │
│                                                                                          ││                          │
└──────────────────────────────────────────────────────────────────────────────────────────┘└──────────────────────────┘
NORMAL  j/k:sample u/U:nodes x/X:density t:tier p:palette H/J/K/L:pan []/{}:size o:reset /:filter Ctrl+U:clear ?:help   
                                                                                                                        