┌──────────────────────────────────────────────────────────────────────────────┐
│ Tier:auto Glyph:unicode Render:braille Wrap:wordchar Layout:auto Dir:auto Pal│
│                                                                              │
│                                                                              │
│                                                                              │
└──────────────────────────────────────────────────────────────────────────────┘
┌ Sequence Loops [default] ────────────────────────────────────────────────────┐
│                                                                              │
│                   ⣿⣿⣿⣿⣿⣿⣿⣿⣿⣿⣿⣿  ⣿⣿⣿⣿⣿⣿⣿⣿⣿⣿⣿⣿  ⣿⣿⣿⣿⣿⣿⣿⣿⣿⣿⣿⣿                   │
│                   ⠿⠿⠿⠿⠿⠿⠿⠿⠿⠿⠿⠿  ⠿⠿⠿⠿⠿⠿⠿⠿⠿⠿⠿⠿  ⠿⠿⠿⠿⠿⠿⠿⠿⠿⠿⠿⠿                   │
│                         ⣀⣀⣀⣀⣀⣀⣀│⣀⣀⣀⣀⣦⣄│      │                               │
│                                     ⠓⠉            ⣄⡀                         │
│                                │      │⢉⡉⠉⠉⠉⠉│⠉⠉⠉⠉⠯⠛⠁                        │
│                                       │⠷⡗⠒⠒⠒⠒│⠒⠒⠒⠒⠒⠒⠂                        │
│                         ⠴⣮⡧┌alt─Valid │redent│a…┐                            │
│                         ⠴⣮⡧┌else─Inval│d────────┐                            │
│                         ⣀⣀⣁│loop─Every│30s──────│                            │
│                         ⢀⡠⡄│        ⠓⠉│         │                            │
│                         ⠉⠛⠏│⠉⠉⠉│⠉⠉⠉⠉⠉⠉│      │  │                            │
│                            └────────────────────┘                            │
│                                │      │      │                               │
└──────────────────────────────────────────────────────────────────────────────┘
NORMAL  j/k:sample u/U:nodes x/X:density t:tier p:palette H/J/K/L:pan []/{}:size
                                                                                