┌──────────────────────────────────────────────────────────────────────────────┐
│ Tier:auto Glyph:unicode Render:braille Wrap:wordchar Layout:auto Dir:auto Pal│
│                                                                              │
│                                                                              │
│                                                                              │
└──────────────────────────────────────────────────────────────────────────────┘
┌ Sequence Parallel [default] ─────────────────────────────────────────────────┐
│                                                                              │
│  ⣤⣤⣤⣤⣤⣤⣤⣤⣤⣤⡄ ⣤⣤⣤⣤⣤⣤⣤⣤⣤⣤ ⢠⣤⣤⣤⣤⣤⣤⣤⣤⣤⣤⣤⣤⣤⣤ ⢠⣤⣤⣤⣤⣤⣤⣤⣤⣤⣤⣤⣤⣤⣤⣤⣤⣤ ⢠⣤⣤⣤⣤⣤⣤⣤⣤⣤⣤⣤⣤⣤⣤⣤  │
│  ⣿⣿⣿⣿⣿⣿⣿⣿⣿⣿⡇ ⣿⣿⣿⣿⣿⣿⣿⣿⣿⣿ ⢸⣿⣿⣿⣿⣿⣿⣿⣿⣿⣿⣿⣿⣿⣿ ⢸⣿⣿⣿⣿⣿⣿⣿⣿⣿⣿⣿⣿⣿⣿⣿⣿⣿ ⢸⣿⣿⣿⣿⣿⣿⣿⣿⣿⣿⣿⣿⣿⣿⣿  │
│       ⣀⣀⣀⣀⣀⣀⣀⣀⣀⣀⣦⣄⡀  │     │       │        │         │                      │
│                 ⠓⠉┌par─Auth Check────────────────────────┐                   │
│                   │⣔⣆│⣀⣀⣀⣀⣀│⣀⣀⣓⣉⡀  │        │         │  │                   │
│                   ┌and─Inventory─────────────────────────┐                   │
│                   │⣔⣆│⣀⣀⣀⣀⣀│⣀⣀⣀⣀⣀⣀⣀│⣀⣀⣀⣀⣀⣀⣀⣀│⣀⣀⣘⣊⣁    │  │                   │
│                   │⣉⣃⣀⣀⣀⣀⣀⣀⣀⣀⣀⣀⣀⣀⣀⣀⣀⣀⣀⣀⣀⣀⣀⣀⣀⣀⣀⣀⣀⣀⣀⣀⣀⣀⣀⣀⣀⣀│⣀⣀⣀⣀⣀⣀⣀⣰⣤⣀         │
│                   │⡠⡄│     │       │        │         │  │       ⠘⠊⠁         │
│       ⢀⡠⡄         │⠛⠏⠉⠉⠉⠉⠉⠉⠉⠉⠉⠉⠉⠉⠉⠉⠉⠉⠉⠉⠉⠉⠉⠉⠉⠉⠉⠉⠉⠉⠉⠉⠉⠉⠉⠉⠉⠉│⠉⠉⠉⠉⠉⠉⠉⠉⠉⠉         │
│       ⠉⠛⠏⠉⠉⠉⠉⠉⠉⠉⠉⠉│  │     │       │        │         │  │                   │
│                   └──────────────────────────────────────┘                   │
│                      │     │       │        │         │                      │
└──────────────────────────────────────────────────────────────────────────────┘
NORMAL  j/k:sample u/U:nodes x/X:density t:tier p:palette H/J/K/L:pan []/{}:size
                                                                                