┌──────────────────────────────────────────────────────────────────────────────┐
│ Tier:auto Glyph:unicode Render:braille Wrap:wordchar Layout:auto Palette:defa│
│                                                                              │
│                                                                              │
│                                                                              │
└──────────────────────────────────────────────────────────────────────────────┘
┌ Flow Basic [default] ────────────────────────────────────────────────────────┐
│                                                                              │
│                                  ⣿⣿⣿⣿⣿⣿⣿⣿⣿⣿                                  │
│                                  ⠛⠛⠛⠛⠛⡟⠛⠛⠛⠛                                  │
│                                      ⢤⣧⠄                                     │
│                                    ⢀⣀⣨⣯⣀⡀                                    │
│                                  ⠒⠻⠿⠿⣿⣿⡿⠿⠟⠒                                  │
│                                    ⢀⠤⠒⠑⠢⢄                                    │
│                                 ⣼⡤⠊⠁     ⠉⠢⣼⡄                                │
│                           ⢸⣿⣿⣿⣿⣿⣿⣿⣿⣿⡇  ⢸⣿⣿⣿⣿⣿⣿⣿⣿⣿⡇                           │
│                           ⠘⠛⠛⠛⠛⠻⣛⠛⠛⠛⠃  ⠘⠛⠛⠛⢛⡻⠛⠛⠛⠛⠃                           │
│                                  ⠉⠢⢄ ⡄ ⡄⢀⠤⠊⠁                                 │
│                                  ⣤⣤⣤⣽⣿⣼⣿⣥⣤⣤                                  │
│                                  ⣿⣿⣿⣿⣿⣿⣿⣿⣿⣿                                  │
│                                                                              │
└──────────────────────────────────────────────────────────────────────────────┘
NORMAL  j/k:sample u/U:nodes x/X:density t:tier p:palette H/J/K/L:pan []/{}:size
                                                                                