┌──────────────────────────────────────────────────────────────────────────────────────────────────────────────────────┐
│ Tier:auto Glyph:unicode Render:braille Wrap:wordchar Layout:auto Dir:auto Palette:default Zoom:100% VP:auto Gen:n24 b│
│                                                                                                                      │
│                                                                                                                      │
│                                                                                                                      │
└──────────────────────────────────────────────────────────────────────────────────────────────────────────────────────┘
┌ Sequence Loops [default] ────────────────────────────────────────────────────────────────┐┌ Metrics ─────────────────┐
│                                                                                          ││                          │
│                                                                                          ││Mode: normal              │
│                          Client         Database         Server                          ││Sample: Sequence Loops    │
│      ⣶⣶⣶⣶⣶⣶⣶⣶⣶⣶⣶⣶⣶⣶⣶⣶⣶            ⣶⣶⣶⣶            ⣶⣶⣶⣶            ⣶⣶⣶⣶⣶⣶⣶⣶⣶⣶⣶⣶⣶⣶⣶⣶⣶      ││Palette: default          │
│      ⣿⣿⣿⣿⣿⣿⣿⣿⣿⣿⣿⣿⣿⣿⣿⣿⣿⣿⣿⣿⣿⣿⣿⡇   ⣿⣿⣿⣿⣿⣿⣿⣿⣿⣿⣿⣿⣿⣿⣿⣿⣿⣿⣿⣿⣿⣿⣿⣿   ⢸⣿⣿⣿⣿⣿⣿⣿⣿⣿⣿⣿⣿⣿⣿⣿⣿⣿⣿⣿⣿⣿⣿⣿      ││Node: -                   │
│      ⣿⣿⣿⣿⣿⣿⣿⣿⣿⣿⣿⣿⣿⣿⣿⣿⣿⣿⣿⣿⣿⣿⣿│   ⣿⣿⣿⣿⣿⣿⣿⣿⣿⣿⣿⣿│⣿⣿⣿⣿⣿⣿⣿⣿⣿⣿⣿   ⢸│⣿⣿⣿⣿⣿⣿⣿⣿⣿⣿⣿⣿⣿⣿⣿⣿⣿⣿⣿⣿⣿⣿      ││Epoch: a1/l1/r1           │
│      ⠿⠿⠿⠿⠿⠿⠿⠿⠿⠿⠿⠿⠿⠿⠿⠿⠿⠿⠿⠿⠿⠿⠿⠇   ⠿⠿⠿⠿⠿⠿⠿⠿⠿⠿⠿⠿⠿⠿⠿⠿⠿⠿⠿⠿⠿⠿⠿⠿   ⠸⠿⠿⠿⠿⠿⠿⠿⠿⠿⠿⠿⠿⠿⠿⠿⠿⠿⠿⠿⠿⠿⠿⠿      ││VP: auto                  │
│                             │        Login  │               │                            ││                          │
│                 ⢀⣀⣀⣀⣀⣀⣀⣀⣀⣀⣀⣀⣀⣀⣀⣀⣀⣀⣀⣀⣀⣀⣀⣀⣀⣀⣦⣄⡀                                            ││Parse: -                  │
│                             │             ⠓⠉│               │                            ││Layout: -                 │
│                                            │ │       Query user      ⢠⣀                  ││Render: -                 │
│                             │              │││⠉⠉⠉⠉⠉⠉⠉⠉⠉⠉⠉⠉⠉⠉│⠉⠉⠉⠉⠉⠉⠉⠉⠹⠝⠋                 ││                          │
│                                            │ │                                           ││                          │
│                             │              │││⡧⠤⠤⠤⠤⠤⠤User data⠤⠤⠤⠤⠤⠤⠤⠤⠤⠤                 ││Cache: 0/0                │
│                                            │ │⠁             ││                           ││Last: MISS                │
│                 ⢀⣤⣲┌alt─Valid credentials──┼─┼──────────────┼┼──────┐                    ││                          │
│                  ⠈⠙│                 200 OK│ │              ││      │                    ││                          │
│                   ⣀│        │              │││              │       │                    ││                          │
│                 ⠐⠻⢾┌else─Invalid───────────┼─┼──────────────────────┐                    ││                          │
│                    │─────────────────401 Unauthorized───────────────│                    ││                          │
│                 ⠠⠤┌│oop─Every 30s──────────┼─┼──────────────────────│┐                   ││                          │
│                   ││        │             ⠉│││              │       ││                   ││                          │
│                  ⣀││                 Heartbeat                      ││                   ││                          │
│                 ⠈⠙││⠉⠉⠉⠉⠉⠉⠉⠉│⠉⠉⠉⠉⠉⠉⠉⠉⠉⠉⠉⠉⠉⠉⠉│               │       ││                   ││                          │
│                   ││                 ACK                            ││                   ││                          │
│                   ││        │               │               │       ││                   ││                          │
│                   ││                                                ││                   ││                          │
│                   ││        │               │               │       ││                   ││                          │
│                   └└────────────────────────────────────────────────┘┘                   ││                          │
│                             │               │               │                            ││                          │
└──────────────────────────────────────────────────────────────────────────────────────────┘└──────────────────────────┘
NORMAL  j/k:sample u/U:nodes x/X:density t:tier p:palette H/J/K/L:pan []/{}:size o:reset /:filter Ctrl+U:clear ?:help   
                                                                                                                        