┌──────────────────────────────────────────────────────────────────────────────────────────────────────────────────────┐
│ Tier:auto Glyph:unicode Render:braille Wrap:wordchar Layout:auto Dir:auto Palette:default Zoom:100% VP:auto Gen:n24 b│
│                                                                                                                      │
│                                                                                                                      │
│                                                                                                                      │
└──────────────────────────────────────────────────────────────────────────────────────────────────────────────────────┘
┌ Class Inheritance [default] ─────────────────────────────────────────────────────────────┐┌ Metrics ─────────────────┐
│                                                                                          ││                          │
│                                                                                          ││Mode: normal              │
│                                                                                          ││Sample: Class Inheritance │
│                                                                                          ││Palette: default          │
│                                                                                          ││Node: -                   │
│                                                                                          ││Epoch: a16/l16/r16        │
│                                                                                          ││VP: auto                  │
│                                                                                          ││                          │
│                                                                                          ││Parse: -                  │
│  float side                                                         Shape                ││Layout: -                 │
│                                                                                          ││Render: -                 │
│ ⢀⣀⣀⣀⣀⣀⣀⣀⣀⣀⣀⣀⡀  ⣀⣀⣀⣀⣀⣀⣀⣀⣀⣀  ⢀⣀⣀⣀⣀⣀⣀⣀⣀⣀⡀ ⢀⣀⣀⣀⣀⣀⣀⣀⣀⣀⣀⡀ ⣀⣀⣀⣀⣀⣀⣀⣀⣀⣀⣀ ⢀⣀⣀⣀⣀⣀⣀⣀⣀⣀⣀⡀ ⣀⣀⣀⣀⣀⣀⣀⣀⣀⣀⣀ ││                          │
│ ⣿⣿⣿⣿⣿⣿⣿⣿⣿⣿⣿⣿⣿ ⢸⣿⣿⣿⣿⣿⣿⣿⣿⣿⣿⡇ ⣿⣿⣿⣿⣿⣿⣿⣿⣿⣿⣿ ⢸⣿⣿⣿⣿⣿⣿⣿⣿⣿⣿⡇ ⣿⣿⣿⣿⣿⣿⣿⣿⣿⣿⣿ ⢸⣿⣿⣿⣿⣿⣿⣿⣿⣿⣿⡇ ⣿⣿⣿⣿⣿⣿⣿⣿⣿⣿⣿ ││                          │
│ ⠈⠉⠉⠉⠉⠉⠉⠉⠉⠉⠉⠉⠁  ⠉⠉⠉⠉⠉⠉⠉⠉⠉⠉  ⠈⠉⠉⠉⠉⠉⠉⠉⠉⠉⠁ ⠈⠉⠉⠉⠉⠉⠉⠉⠉⠉⠉⠁ ⠉⢉⣉⣉⣉⣉⣉⣉⡩⠭⣭⣤⣬⡭⠭⠿⠿⡿⡏⠉⠉⠉⠉⠁ ⠉⠉⠉⠉⠉⠉⠉⠉⠉⠉⠉ ││Cache: 0/0                │
│                                       ⣶⣶⣶⣶⣶⣶⣶⣶⣶⣿⣿⠉⠉⣿Rectangle ⣶ ⢰⣶ Circle  ⡆             ││Last: MISS                │
│                                       ⠿⠿⠿⠿⠿⠿⠿⠿⠿⠿⠿  ⠿          ⠿ ⠸⠿         ⠇             ││                          │
│                                                    ⢀⣀⣀⣀⣀⣀⣇⣀⣀⣀⣀⡀                          ││                          │
│                                                    ⢸⣿⣿⣿⣿⣿⣿⣿⣿⣿⣿⡇                          ││                          │
│                                                    ⠈⠉⠉⠉⠉⠉⠉⠉⠉⠉⠉⠁                          ││                          │
│                                                       Square                             ││                          │
│                                                                                          ││                          │
│                                                                                          ││                          │
│                                                                                          ││                          │
│                                                                                          ││                          │
│                                                                                          ││                          │
│                                                                                          ││                          │
│                                                                                          ││                          │
│                                                                                          ││                          │
│                                                                                          ││                          │
│                                                                                          ││                          │
└──────────────────────────────────────────────────────────────────────────────────────────┘└──────────────────────────┘
NORMAL  j/k:sample u/U:nodes x/X:density t:tier p:palette H/J/K/L:pan []/{}:size o:reset /:filter Ctrl+U:clear ?:help   
                                                                                                                        