┌──────────────────────────────────────────────────────────────────────────────────────────────────────────────────────┐
│ Tier:auto Glyph:unicode Render:braille Wrap:wordchar Layout:auto Dir:auto Palette:default Zoom:100% VP:auto Gen:n24 b│
│                                                                                                                      │
│                                                                                                                      │
│                                                                                                                      │
└──────────────────────────────────────────────────────────────────────────────────────────────────────────────────────┘
┌ Class Large [default] ───────────────────────────────────────────────────────────────────┐┌ Metrics ─────────────────┐
│                                                                                          ││                          │
│                                                                                          ││Mode: normal              │
│                                                                                          ││Sample: Class Large       │
│                                                                                          ││Palette: default          │
│                                                                                          ││Node: -                   │
│                                                                                          ││Epoch: a17/l17/r17        │
│                                                                                          ││VP: auto                  │
│                                                                                          ││                          │
│                                                                                          ││Parse: -                  │
│                                                                                          ││Layout: -                 │
│                                                                                          ││Render: -                 │
│                                                                                          ││                          │
│                                                                                          ││                          │
│ ⣶⣶⣶⣶⣴⣶⣶⣶⣶⡆⣶⣶⣶⣶⢰⣶⣶⣶⡆⢰⣶⣶⣶⡆⣶⣶⣶⣶⢰⣶⣶⣶⡆⣶⣶⣶⣶ ⣶⣶⣶⣶⢰⣶⣶⣶⡆⣶⣶⣶⣶⢰⣶⣶⣶⡆⢰⣶⣶⣶⡆⣶⣶⣶⣶⢰⣶⣶⣶⡆⣶⣶⣶⣶⢰⣶⣶⣶⣶⢰⣶⣶⣶⡆⣶⣶⣶⣶ ││Cache: 0/0                │
│   ⠉⠛⠇⠁⠈⠹⠿⠿⠿⠿⠉⠛⠛⠽⠭⣋⠒⠒⠒⠒⠒⠒⠒⠒⠒⡿⠷⣶⣶⣀⣀⣀⣀⡀        ⢀    ⢀                                       ││Last: MISS                │
│                   ⠉⠒⠤⢄⣀⣦⡀⢀⣠⠶⠶⠷⠶⣉⣉⣉⣹⣿⣿⡿⠿⠏⠉⠉⠙⠛⢻⠿⠶⠶⠖⢺⠿⠶⠶⠆                                   ││                          │
│                       ⠸⠿⠿⠿⠿⠉⠉⠉⠉                                                          ││                          │
│                                                                                          ││                          │
│                                                                                          ││                          │
│                                                                                          ││                          │
│                                                                                          ││                          │
│                                                                                          ││                          │
│                                                                                          ││                          │
│                                                                                          ││                          │
│                                                                                          ││                          │
│                                                                                          ││                          │
│                                                                                          ││                          │
│                                                                                          ││                          │
│                                                                                          ││                          │
│                                                                                          ││                          │
└──────────────────────────────────────────────────────────────────────────────────────────┘└──────────────────────────┘
NORMAL  j/k:sample u/U:nodes x/X:density t:tier p:palette H/J/K/L:pan []/{}:size o:reset /:filter Ctrl+U:clear ?:help   
                                                                                                                        