┌──────────────────────────────────────────────────────────────────────────────────────────────────────────────────────┐
│ Tier:auto Glyph:unicode Render:braille Wrap:wordchar Layout:auto Dir:auto Palette:default Zoom:100% VP:auto Gen:n24 b│
│                                                                                                                      │
│                                                                                                                      │
│                                                                                                                      │
└──────────────────────────────────────────────────────────────────────────────────────────────────────────────────────┘
┌ Sequence Dense [default] ────────────────────────────────────────────────────────────────┐┌ Metrics ─────────────────┐
│                                                                                          ││                          │
│                                                                                          ││Mode: normal              │
│                     A           B          C           D          E                      ││Sample: Sequence Dense    │
│                                                                                          ││Palette: default          │
│ ⣿⣿⣿⣿⣿⣿⣿⣿⣿⣿⣿⣿⣿⣿⣿⡇  ⣿⣿⣿│⣿⣿⣿⣿⣿⣿⣿⣿⣿⣿⣿│  ⣿⣿⣿⣿⣿⣿⣿⣿│⣿⣿⣿⣿⣿⣿⣿  ⣿⣿│⣿⣿⣿⣿⣿⣿⣿⣿⣿⣿│⣿⣿  ⢸⣿⣿⣿⣿⣿⣿⣿⣿⣿⣿⣿⣿⣿⣿⣿ ││Node: -                   │
│ ⣿⣿⣿⣿⣿⣿⣿⣿⣿⣿⣿⣿⣿⣿⣿⡇  ⣿⣿⣿⣿⣿⣿⣿⣿⣿⣿⣿⣿⣿⣿⣿⣿  ⣿⣿⣿⣿⣿⣿⣿⣿⣿⣿⣿⣿⣿⣿⣿⣿  ⣿⣿⣿⣿⣿⣿⣿⣿⣿⣿⣿⣿⣿⣿⣿⣿  ⢸⣿⣿⣿⣿⣿⣿⣿⣿⣿⣿⣿⣿⣿⣿⣿ ││Epoch: a1/l1/r1           │
│ ⠉⠉⠉⠉⠉⠉⠉⠉⠉⠉⠉⠉⠉⠉⠉⠁  ⠉⠉⠉│⠉⠉⠉⠉⠉⠉msg1⠉│  ⠉⠉⠉⠉⠉⠉⠉⠉│⠉⠉⠉⠉⠉⠉⠉  ⠉⠉│⠉⠉⠉⠉⠉⠉⠉⠉⠉⠉│⠉⠉  ⠈⠉⠉⠉⠉⠉⠉⠉⠉⠉⠉⠉⠉⠉⠉⠉ ││VP: auto                  │
│         ⠤⠤⠤⠤⠤⠤⠤⠤⠤⠤⠤⠤⠤⠤⠤⠤⡷⣦⠄                                                              ││                          │
│                      │  ⠉        │     msg2⡀│           │          │                     ││Parse: -                  │
│                           ⠉⠉⠉⠉⠉⠉⠉⠉⠉⠉⠉⠉⠉⠉⠉⠉⠯⠛⠁                                            ││Layout: -                 │
│                      │           │          │⣀⣀⣀⣀⣀⣀msg3⣀│⣀⣀⣀⣦⣄⡀    │                     ││Render: -                 │
│                                                             ⠓⠉                ⡀          ││                          │
│                      │           │          │           │     msg4⠒│⠒⠒⠒⠒⠒⠒⠒⠒⠒⠒⣟⠷⠂        ││                          │
│                                                               ⣠⣔⣆⣀⣀⣀⣀⣀⣀⣀⣀⣀⣀⣀⣀⣀⣀⣀⡀        ││Cache: 0/0                │
│                      │           │          │           │     reply4                     ││Last: MISS                │
│                                             ⠴⣮⡧⠤⠤⠤⠤⠤⠤⠤⠤⠤⠤⠤⠤⠤⠤⠤⠄                          ││                          │
│                      │    ⢀⡠⡄    │          │ ⠁    reply3          │                     ││                          │
│                           ⠉⠛⠏⠉⠉⠉⠉⠉⠉⠉⠉⠉⠉⠉⠉⠉⠉⠉⠁                                            ││                          │
│         ⠴⣮⡧⠤⠤⠤⠤⠤⠤⠤⠤⠤⠤│⠤⠤⠤⠤⠄      │     reply2           │          │                     ││                          │
│           ⠁                               ⣄⡀                                             ││                          │
│         ⠉⠉⠉⠉⠉⠉⠉⠉⠉⠉⠉⠉⠉│⠉⠉⠉⠉⠉⠉reply1⠉⠉⠉⠉⠉⠉⠉⠉⠯⠛│           │          │                     ││                          │
│                                             ⣀⣀⣀⣀⣀⣀⣀⣀⣀⣀⣀⣀⣀⣀⣀⣀⣀⣀⣀⣀⣀⣀⣀⣀⣀⣀⣀⣀⣀⣀⣀⣀⣀⣀⣦⣄⡀        ││                          │
│                      │           │direct    │           │   ⡀      │          ⠓⠉         ││                          │
│                           ⠒⠒⠒⠒⠒⠒⠒⠒⠒⠒⠒⠒⠒⠒⠒⠒⠒⠒⠒⠒⠒⠒⠒⠒⠒⠒⠒⠒⠒⠒⠒⠒⠒⠒⣟⠷⠂                          ││                          │
│         ⣠⣔⣆⣀⣀⣀⣀⣀⣀⣀⣀⣀⣀│⣀⣀⣀⣀⣀⣀⣀⣀⣀⣀⣀│⣀⣀⣀⣀⣀⣀⣀⣀⣀⣀│⣀⣀⣀⣀⣀⣀⣀⣀⣀⣀⣀│skip⣀⡀    │                     ││                          │
│          ⠉⠃                                                                              ││                          │
│                      │           │          │cross      │          │                     ││                          │
│                                                                                          ││                          │
│                      │           │     back │           │          │                     ││                          │
│                                                                                          ││                          │
└──────────────────────────────────────────────────────────────────────────────────────────┘└──────────────────────────┘
NORMAL  j/k:sample u/U:nodes x/X:density t:tier p:palette H/J/K/L:pan []/{}:size o:reset /:filter Ctrl+U:clear ?:help   
                                                                                                                        