┌──────────────────────────────────────────────────────────────────────────────────────────────────────────────────────┐
│ Tier:auto Glyph:unicode Render:braille Wrap:wordchar Layout:auto Dir:auto Palette:default Zoom:100% VP:auto Gen:n24 b│
│                                                                                                                      │
│                                                                                                                      │
│                                                                                                                      │
└──────────────────────────────────────────────────────────────────────────────────────────────────────────────────────┘
┌ Flow Basic [default] ────────────────────────────────────────────────────────────────────┐┌ Metrics ─────────────────┐
│                                                                                          ││                          │
│                            ⣿⣿⣿⣿⣿⣿⣿⣿⣿⣿⣿⣿⣿⣿⣿⣿⣿⣿⣿⣿⣿⣿⣿⣿⣿⣿⣿⣿⣿⣿⣿⣿⣿⣿                            ││Mode: normal              │
│                            ⣿⣿⣿⣿⣿⣿⣿⣿⣿⣿              ⣿⣿⣿⣿⣿⣿⣿⣿⣿⣿                            ││Sample: Flow Basic        │
│                            ⣿⣿⣿⣿⣿⣿⣿⣿⣿⣿    Start     ⣿⣿⣿⣿⣿⣿⣿⣿⣿⣿                            ││Palette: default          │
│                            ⣿⣿⣿⣿⣿⣿⣿⣿⣿⣿              ⣿⣿⣿⣿⣿⣿⣿⣿⣿⣿                            ││Node: -                   │
│                            ⣿⣿⣿⣿⣿⣿⣿⣿⣿⣿⣿⣿⣿⣿⣿⣿⣿⣿⣿⣿⣿⣿⣿⣿⣿⣿⣿⣿⣿⣿⣿⣿⣿⣿                            ││Epoch: a0/l0/r0           │
│                                             ⡇                                            ││VP: auto                  │
│                                            ⣀⣇⡀                                           ││                          │
│                                            ⢘⣟                                            ││Parse: -                  │
│                                     ⢀⣀⣠⣤⣶⣾⣿⣿⣿⣿⣷⣶⣦⣤⣀⡀                                     ││Layout: -                 │
│                               ⣀⣠⣤⣶⣶⣿⣿              ⣿⣿⣷⣶⣤⣄⣀⡀                              ││Render: -                 │
│                            ⠒⠿⠿⣿⣿⣿⣿⣿⣿⣿   Decision   ⣿⣿⣿⣿⣿⣿⣿⠿⠿⠒                            ││                          │
│                                 ⠉⠉⠛⠛⠿              ⠿⠟⠛⠋⠉                                 ││                          │
│                                        ⠈⠉⠙⠛⢻⣿⠛⠛⠉⠉                                        ││Cache: 0/0                │
│                                    ⢀⣀⡠⠤⠔⠒⠊⠉⠁ ⠉⠉⠒⠒⠤⠤⣀⣀                                    ││Last: MISS                │
│                          ⢀⡄⢀⣀⡠⠤⠔⠒⠊⠉⠁    Yes       No ⠉⠉⠒⠒⠤⠤⣀⣀ ⣄                          ││                          │
│        ⢰⣶⣶⣶⣶⣶⣶⣶⣶⣶⣶⣶⣶⣶⣶⣶⣶⣶⣿⣿⣷⣶⣶⣶⣶⣶⣶⣶⣶⣶⣶⣶⣶⣶⡆    ⢰⣶⣶⣶⣶⣶⣶⣶⣶⣶⣶⣶⣶⣶⣶⣿⣿⣷⣶⣶⣶⣶⣶⣶⣶⣶⣶⣶⣶⣶⣶⣶⣶⣶⡆        ││                          │
│        ⢸⣿⣿⣿⣿⣿⣿⣿⣿⣿⣿⣿⣿⣿⣿⣿⣿⣿⣿⣿                                  ⣿⣿⣿⣿⣿⣿⣿⣿⣿⣿⣿⣿⣿⣿⣿⣿⣿⣿⣿⡇        ││                          │
│        ⢸⣿⣿⣿⣿⣿⣿⣿⣿⣿⣿⣿⣿⣿⣿⣿⣿⣿⣿⣿      OK                Error     ⣿⣿⣿⣿⣿⣿⣿⣿⣿⣿⣿⣿⣿⣿⣿⣿⣿⣿⣿⡇        ││                          │
│        ⢸⣿⣿⣿⣿⣿⣿⣿⣿⣿⣿⣿⣿⣿⣿⣿⣿⣿⣿⣿                                  ⣿⣿⣿⣿⣿⣿⣿⣿⣿⣿⣿⣿⣿⣿⣿⣿⣿⣿⣿⡇        ││                          │
│        ⢸⣿⣿⣿⣿⣿⣿⣿⣿⣿⣿⣿⣿⣿⣿⣿⣿⣿⣿⣿⣿⣿⣿⣿⣿⣿⣿⣿⣿⣿⣿⣿⣿⣿⡇    ⢸⣿⣿⣿⣿⣿⣿⣿⣿⣿⣿⣿⣿⣿⣿⣿⣿⣿⣿⣿⣿⣿⣿⣿⣿⣿⣿⣿⣿⣿⣿⣿⣿⣿⡇        ││                          │
│        ⠈⠉⠉⠉⠉⠉⠉⠉⠉⠉⠉⠉⠉⠉⠉⠉⠉⠙⠫⠭⢍⣉⠉⠉⠉⠉⠉⠉⠉⠉⠉⠉⠉⠉⠁    ⠈⠉⠉⠉⠉⠉⠉⠉⠉⠉⠉⠉⠉⢉⣉⠭⠭⠛⠉⠉⠉⠉⠉⠉⠉⠉⠉⠉⠉⠉⠉⠉⠉⠉⠁        ││                          │
│                              ⠉⠉⠒⠢⠤⢄⣀⡀               ⣀⣀⠤⠤⠒⠊⠉⠁                             ││                          │
│                                     ⠈⠉⠒⠒⠤⢄⣰⣄⢀⣴⣀⠤⠔⠒⠊⠉                                     ││                          │
│                            ⣿⣿⣿⣿⣿⣿⣿⣿⣿⣿⣿⣿⣿⣿⣿⣿⣿⣿⣿⣿⣿⣿⣿⣿⣿⣿⣿⣿⣿⣿⣿⣿⣿⣿                            ││                          │
│                            ⣿⣿⣿⣿⣿⣿⣿⣿⣿⣿              ⣿⣿⣿⣿⣿⣿⣿⣿⣿⣿                            ││                          │
│                            ⣿⣿⣿⣿⣿⣿⣿⣿⣿⣿     End      ⣿⣿⣿⣿⣿⣿⣿⣿⣿⣿                            ││                          │
│                            ⣿⣿⣿⣿⣿⣿⣿⣿⣿⣿              ⣿⣿⣿⣿⣿⣿⣿⣿⣿⣿                            ││                          │
│                            ⣿⣿⣿⣿⣿⣿⣿⣿⣿⣿⣿⣿⣿⣿⣿⣿⣿⣿⣿⣿⣿⣿⣿⣿⣿⣿⣿⣿⣿⣿⣿⣿⣿⣿                            ││                          │
│                                                                                          ││                          │
└──────────────────────────────────────────────────────────────────────────────────────────┘└──────────────────────────┘
NORMAL  j/k:sample u/U:nodes x/X:density t:tier p:palette H/J/K/L:pan []/{}:size o:reset /:filter Ctrl+U:clear ?:help   
                                                                                                                        