┌──────────────────────────────────────────────────────────────────────────────────────────────────────────────────────┐
│ Tier:auto Glyph:unicode Render:braille Wrap:wordchar Layout:auto Dir:auto Palette:default Zoom:100% VP:auto Gen:n24 b│
│                                                                                                                      │
│                                                                                                                      │
│                                                                                                                      │
└──────────────────────────────────────────────────────────────────────────────────────────────────────────────────────┘
┌ Sequence [default] ──────────────────────────────────────────────────────────────────────┐┌ Metrics ─────────────────┐
│                                                                                          ││                          │
│                                                                                          ││Mode: normal              │
│ ⣀⣀⣀⣀⣀⣀⣀⣀⣀⣀⣀⣀⣀⣀⣀⣀⣀⣀⣀⣀⣀⣀⣀⣀⣀⣀⣀⣀⣀⣀⣀⣀⣀⣀⣀⣀⣀⣀⣀⣀⣀      ⣀⣀⣀⣀⣀⣀⣀⣀⣀⣀⣀⣀⣀⣀⣀⣀⣀⣀⣀⣀⣀⣀⣀⣀⣀⣀⣀⣀⣀⣀⣀⣀⣀⣀⣀⣀⣀⣀⣀⣀⣀ ││Sample: Sequence          │
│ ⣿⣿⣿⣿⣿⣿⣿⣿⣿⣿⣿⣿⣿⣿⣿⣿⣿⣿⣿⣿⣿⣿⣿⣿⣿⣿⣿⣿⣿⣿⣿⣿⣿⣿⣿⣿⣿⣿⣿⣿⣿      ⣿⣿⣿⣿⣿⣿⣿⣿⣿⣿⣿⣿⣿⣿⣿⣿⣿⣿⣿⣿⣿⣿⣿⣿⣿⣿⣿⣿⣿⣿⣿⣿⣿⣿⣿⣿⣿⣿⣿⣿⣿ ││Palette: default          │
│ ⣿⣿⣿⣿⣿⣿⣿⣿⣿⣿⣿⣿⣿⣿⣿⣿⣿⣿⣿⣿⣿⣿⣿⣿⣿⣿⣿⣿⣿⣿⣿⣿⣿⣿⣿⣿⣿⣿⣿⣿⣿      ⣿⣿⣿⣿⣿⣿⣿⣿⣿⣿⣿⣿⣿⣿⣿⣿⣿⣿⣿⣿⣿⣿⣿⣿⣿⣿⣿⣿⣿⣿⣿⣿⣿⣿⣿⣿⣿⣿⣿⣿⣿ ││Node: -                   │
│ ⣿⣿⣿⣿⣿⣿⣿⣿⣿⣿⣿⣿⣿⣿⣿⣿⣿⣿⣿⣿⣿⣿⣿⣿⣿⣿⣿⣿⣿⣿⣿⣿⣿⣿⣿⣿⣿⣿⣿⣿⣿      ⣿⣿⣿⣿⣿⣿⣿⣿⣿⣿⣿⣿⣿⣿⣿⣿⣿⣿⣿⣿⣿⣿⣿⣿⣿⣿⣿⣿⣿⣿⣿⣿⣿⣿⣿⣿⣿⣿⣿⣿⣿ ││Epoch: a1/l1/r1           │
│ ⣿⣿⣿⣿⣿⣿⣿⣿⣿⣿⣿⣿⣿⣿⣿⣿⣿⣿⣿⣿⣿⣿⣿⣿⣿⣿⣿⣿⣿⣿⣿⣿⣿⣿⣿⣿⣿⣿⣿⣿⣿      ⣿⣿⣿⣿⣿⣿⣿⣿⣿⣿⣿⣿⣿⣿⣿⣿⣿⣿⣿⣿⣿⣿⣿⣿⣿⣿⣿⣿⣿⣿⣿⣿⣿⣿⣿⣿⣿⣿⣿⣿⣿ ││VP: auto                  │
│ ⣿⣿⣿⣿⣿⣿⣿⣿⣿⣿⣿⣿⣿⣿⣿⣿⣿⣿⣿⣿⣿⣿⣿⣿⣿⣿⣿⣿⣿⣿⣿⣿⣿⣿⣿⣿⣿⣿⣿⣿⣿      ⣿⣿⣿⣿⣿⣿⣿⣿⣿⣿⣿⣿⣿⣿⣿⣿⣿⣿⣿⣿⣿⣿⣿⣿⣿⣿⣿⣿⣿⣿⣿⣿⣿⣿⣿⣿⣿⣿⣿⣿⣿ ││                          │
│ ⠿⠿⠿⠿⠿⠿⠿⠿⠿⠿⠿⠿⠿⠿⠿⠿⠿⠿⠿⠿⠿⠿⠿⠿⠿⠿⠿⠿⠿⠿⠿│⠿⠿⠿⠿⠿⠿⠿⠿⠿      ⠿⠿⠿⠿⠿⠿⠿⠿⠿⠿│⠿⠿⠿⠿⠿⠿⠿⠿⠿⠿⠿⠿⠿⠿⠿⠿⠿⠿⠿⠿⠿⠿⠿⠿⠿⠿⠿⠿⠿⠿ ││Parse: -                  │
│                                                                                          ││Layout: -                 │
│                                │                         │                               ││Render: -                 │
│                                                                  ⢠⣀                      ││                          │
│                     ⠈⠉⠉⠉⠉⠉⠉⠉⠉⠉⠉│⠉⠉⠉⠉⠉⠉⠉⠉⠉⠉⠉⠉⠉Hello Bob⠉⠉⠉│⠉⠉⠉⠉⠉⠉⠉⠹⠝⠋                     ││                          │
│                                                                                          ││Cache: 0/0                │
│                                │                         │                               ││Last: MISS                │
│                      ⣀⢤                                                                  ││                          │
│                     ⠈⠙⠻⠉⠉⠉⠉⠉⠉⠉⠉│⠉⠉⠉⠉⠉⠉⠉⠉⠉⠉⠉⠉⠉Hi Alice⠉⠉⠉⠉│⠉⠉⠉⠉⠉⠉⠉⠉⠉⠉                     ││                          │
│                                                                                          ││                          │
│                                │                         │                               ││                          │
│                                                                  ⢠⣀                      ││                          │
│                     ⠈⠉⠉⠉⠉⠉⠉⠉⠉⠉⠉│⠉⠉⠉⠉⠉⠉⠉⠉⠉⠉⠉⠉⠉⠉⠉⠉⠉⠉⠉⠉⠉⠉⠉⠉⠉│⠉⠉⠉⠉⠉⠉⠉⠹⠝⠋                     ││                          │
│                                              How are you?                                ││                          │
│                                │                         │                               ││                          │
│                       ⣀                                                                  ││                          │
│                     ⠐⠻⢾⠒⠒⠒⠒⠒⠒⠒⠒│⠒⠒⠒⠒⠒⠒⠒⠒⠒⠒⠒⠒⠒⠒⠒⠒⠒⠒⠒⠒⠒⠒⠒⠒⠒│⠒⠒⠒⠒⠒⠒⠒⠒⠒⠒                     ││                          │
│                                                                                          ││                          │
│                                │             Great!      │                               ││                          │
│                                                                                          ││                          │
│                                │                         │                               ││                          │
│                                                                                          ││                          │
└──────────────────────────────────────────────────────────────────────────────────────────┘└──────────────────────────┘
NORMAL  j/k:sample u/U:nodes x/X:density t:tier p:palette H/J/K/L:pan []/{}:size o:reset /:filter Ctrl+U:clear ?:help   
                                                                                                                        