 1: Dash │ 2: Shakes │ 3: Code │ 4: Widgets │ 5: Layout │ 6: Forms │ 7: DataViz 
╭╭───────────────────Perf HUD───────────────────╮──────────────────────────────╮
││ Render FPS: 60.0                             │                              │
││ Tick rate:     50.0 /s                       │──╮╭──────────Code───────────╮│
││ Tick avg:     20.00 ms                       │▄▆││// FrankenTUI            ││
││ Tick p95:     30.00 ms                       │▄▂││use ftui::*;             ││
││ Tick p99:     30.00 ms                       │▁▁││                         ││
││ Tick range: 10.0..30.0 ms                    │  ││fn main() {              ││
││                                              │  ││  App::run()             ││
││ Views:      100                              │  │╰─────────────────────────╯│
││ Ticks:      42                               │  │╭──────────Info───────────╮│
││ Screen:     Dashboard                        │  ││FPS: 0                   ││
││ Terminal:   80x24                            │  ││78x20                    ││
││ Samples:    11/120                           │──╯╰─────────────────────────╯│
││                                              │──Activity───────────────────╮│
││   ▁▂▃▄▄▅▆▇█                                  │e detected on core 3         ││
│╰──────────────────────────────────────────────╯                             ││
││                             ││                                             ││
││                             ││                                             ││
││                             ││                                             ││
│╰─────────────────────────────╯╰─────────────────────────────────────────────╯│
│1-9:screens | Tab:next | t:theme | ?:help | q:quit                            │
╰──────────────────────────────────────────────────────────────────────────────╯
 Dashboard [1/24]  Cyberpunk Aurora          tick:42 frm:0          80x24 00:04 