╭─────────────────────────────────────────────────Table Theme Gallery──────────────────────────────────────────────────╮
│╭───────────────Aurora───────────────╮ ╭──────────────Graphite──────────────╮ ╭─────────────────Neon─────────────────╮│
││cool glow                           │ │neutral + dense                     │ │high energy                           ││
││                                    │ │                                    │ │                                      ││
││Metric           │Value     │Trend  │ │Metric           │Value     │Trend  │ │Metric            │Value      │Trend  ││
││Latency          │16.2ms    │v      │ │Latency          │16.2ms    │v      │ │Latency           │16.2ms     │v      ││
│╰────────────────────────────────────╯ ╰────────────────────────────────────╯ ╰──────────────────────────────────────╯│
│                                                                                                                      │
│╭───────────────Slate────────────────╮ ╭───────────────Solar────────────────╮ ╭───────────────Orchard────────────────╮│
││balanced                            │ │warm contrast                       │ │earthy                                ││
││                                    │ │                                    │ │                                      ││
││Metric           │Value     │Trend  │ │Metric           │Value     │Trend  │ │Metric            │Value      │Trend  ││
││Latency          │16.2ms    │v      │ │Latency          │16.2ms    │v      │ │Latency           │16.2ms     │v      ││
│╰────────────────────────────────────╯ ╰────────────────────────────────────╯ ╰──────────────────────────────────────╯│
│                                                                                                                      │
│╭───────────────Paper────────────────╮ ╭──────────────Midnight──────────────╮ ╭───────────Terminal Classic───────────╮│
││light ink                           │ │dark focus                          │ │ANSI-16 baseline                      ││
││                                    │ │                                    │ │                                      ││
││Metric           │Value     │Trend  │ │Metric           │Value     │Trend  │ │Metric            │Value      │Trend  ││
││Latency          │16.2ms    │v      │ │Latency          │16.2ms    │v      │ │Latency           │16.2ms     │v      ││
│╰────────────────────────────────────╯ ╰────────────────────────────────────╯ ╰──────────────────────────────────────╯│
│                                                                                                                      │
│╭─────────Terminal Classic+──────────╮                                                                                │
││modern terminals                    │                                                                                │
││                                    │                                                                                │
││Metric           │Value     │Trend  │                                                                                │
││Latency          │16.2ms    │v      │                                                                                │
││Errors           │0.3%      │v      │                                                                                │
││Throughput       │9.8k/s    │^      │                                                                                │
││Cache Hit        │94%       │^      │                                                                                │
│╰────────────────────────────────────╯                                                                                │
│                                                                                                                      │
│╭────────────────────────────────────────────Preview · Aurora · Markdown─────────────────────────────────────────────╮│
││View(V): Markdown | Header(H): Off | Zebra(Z): Subtle                                                               ││
││Border(B): Preset | Highlight(L): Off | Arrows/Tab: Select | R: Reset                                               ││
││┌────────────┬────────┬───┐                                                                                         ││
│││ Latency    │ 16.2ms │ v │                                                                                         ││
│││ Errors     │ 0.3%   │ v │                                                                                         ││
│╰────────────────────────────────────────────────────────────────────────────────────────────────────────────────────╯│
╰──────────────────────────────────────────────────────────────────────────────────────────────────────────────────────╯