╭──────────────────────────────────────────── Terminal Capability Explorer ────────────────────────────────────────────╮
│Detected: xterm-256color | Simulated: tmux | View: Simulation                                                         │
│Color depth: 256 | Mux: yes (tmux) | Sync output: no                                                                  │
│Scroll region: no | Hyperlinks: no | Clipboard: no | overrides: none                                                  │
╰──────────────────────────────────────────────────────────────────────────────────────────────────────────────────────╯
╭ Detected vs Simulated ─────────────────────────────────────────────╮╭ Profile Simulation ────────────────────────────╮
│Capability                                   │Detected │Simulated│Δ ││Simulated profile: tmux                         │
│True color (24-bit)                          │no       │no       │  ││  detected                                      │
│256-color palette                            │yes      │yes      │  ││  modern                                        │
│Synchronized output                          │no       │no       │  ││  xterm-256color                                │
│Scroll region (DECSTBM)                      │yes      │yes      │  ││  xterm                                         │
│OSC 8 hyperlinks                             │no       │no       │  ││  vt100                                         │
│Kitty keyboard protocol                      │no       │no       │  ││  dumb                                          │
│Focus events                                 │no       │no       │  ││> tmux                                          │
│Bracketed paste                              │yes      │yes      │  ││  screen                                        │
│SGR mouse                                    │yes      │yes      │  ││  zellij                                        │
│OSC 52 clipboard                             │no       │no       │  ││  kitty                                         │
│                                                                    ││  windows-console                               │
│                                                                    ││  linux                                         │
│                                                                    ││P: cycle profiles | R: reset to detected        │
│                                                                    ││                                                │
│                                                                    ││                                                │
│                                                                    ││Preview: color=256 sync=no mux=yes              │
│                                                                    │╰────────────────────────────────────────────────╯
│                                                                    │╭ Fallback Policy ───────────────────────────────╮
│                                                                    ││Sync output: no (terminal lacks support)        │
│                                                                    ││Scroll region: no (disabled in mux)             │
│                                                                    ││Mux safety: active                              │
│                                                                    ││                                                │
│                                                                    ││                                                │
│                                                                    ││                                                │
│                                                                    ││                                                │
│                                                                    │╰────────────────────────────────────────────────╯
│                                                                    │╭ Environment ───────────────────────────────────╮
│                                                                    ││TERM=xterm-256color                             │
│                                                                    ││TERM_PROGRAM=ftui-test                          │
│                                                                    ││COLORTERM=truecolor                             │
│                                                                    ││NO_COLOR=no                                     │
│                                                                    ││MUX: tmux=no screen=no zellij=no                │
╰────────────────────────────────────────────────────────────────────╯╰────────────────────────────────────────────────╯