 src: inline-auto|fallback  focus: —  Tab:section v:detail n/p:ledger           
      ╭───────────────────────────VOI Overlay────────────────────────────╮      
      │VOI Overlay (tick 0) [demo:fallback]                              │      
      │----------------------------------------------------------------  │      
      │Decision: —                                                       │      
      │                                                                  │      
      │Posterior Core                                                    │      
      │----------------------------------------------------------------  │      
      │p ~ Beta(a,b)  a=1.00  b=9.00                                     │      
      │mu=0.1000  Var=0.008182                                           │      
      │VOI = Var[p] - E[Var|1]                                           │      
      │VOI = 0.008182 - 0.007438 = 0.000744                              │      
      │                                                                  │      
      │                                                                  │      
      │                                                                  │      
      │                                                                  │      
      │                                                                  │      
      │                                                                  │      
      │                                                                  │      
      │                                                                  │      
      │                                                                  │      
      │                                                                  │      
      ╰──────────────────────────────────────────────────────────────────╯      
                                                                                