▸ A: Inputs │   B: Display │   C: Status
╭TextIn╮╭Maske╮╭Command Pal╮╭Log Viewer╮
╰──────╯╰─────╯│           ││INFO    5 │
╭TextArea─────╮╰───────────╯╰──────────╯
│1  FrankenTUI│╭File Picker╮╭ProgressBa╮
│    text area││.          │╰──────────╯
╰─────────────╯╰───────────╯╭Spinners──╮
╭Ch╮╭Se╮╭Valid╮╭Notificatio╮│⠋ Loading │
╰──╯╰──╯╰─────╯╰───────────╯╰──────────╯
*.......                                