▸ A: Inputs │   B: Display │   C: Status │   D: Data Viz │   E: Navigation │   F: Layout │   G: Utility │   H: Advanced 
╭TextInput────────────╮╭Masked Input─────────╮╭Command Palette─────────────────────╮╭Log Viewer────────────────────────╮
│demo@example.com     ││••••••               ││                                    ││INFO  boot: FrankenTUI demo       │
│                     ││                     ││                                    ││started                           │
│                     ││                     ││   ┌───── Command Palette ──────┐   ││DEBUG layout: resolved 6          │
│                     ││                     ││   │>Type to search...          │   ││constraints                       │
│                     ││                     ││   │> [App] Quit  Exit the appl…│   ││WARN  io: slow disk detected,     │
│                     ││                     ││   │  [File] Open File  Open a …│   ││using cache                       │
╰─────────────────────╯╰─────────────────────╯│   │  [File] Save File  Save cu…│   ││INFO  render: diff cells=512      │
╭TextArea────────────────────────────────────╮│   │  [View] Cycle Theme  Switc…│   ││runs=18 bytes=9.6KB               │
│1  FrankenTUI text area                     ││   │  [View] Toggle Performance…│   ││INFO  net: connected to telemetry │
│2  - Multi-line editing                     ││   └────────────────────────────┘   ││endpoint                          │
│3  - Soft wrap enabled                      ││                                    ││ERROR auth: token expired, refresh│
│4  - Line numbers                           ││                                    ││scheduled                         │
│                                            │╰────────────────────────────────────╯│                                  │
│                                            │╭File Picker─────────────────────────╮╰──────────────────────────────────╯
│                                            ││.                                   │╭ProgressBar───────────────────────╮
│                                            ││> ?? benches                        ││                0%                │
│                                            ││  ?? data                           ││               25%                │
│                                            ││  ?? src                            ││               50%                │
│                                            ││  ?? tests                          ││               75%                │
│                                            ││    .ubsignore                      ││               100%               │
│                                            ││    Cargo.toml                      ││                                  │
│                                            ││                                    ││                                  │
│                                            ││                                    ││                                  │
╰────────────────────────────────────────────╯│                                    │╰──────────────────────────────────╯
╭Checkboxes ╮╭Select + N╮╭Validation + Timer─╮│                                    │╭Spinners──────────────────────────╮
│[ ] Enable ││Select: [H││! Invalid email ad…│╰────────────────────────────────────╯│⠙ Loading (DOTS)                  │
│[x] Sync on││Number: [-││ETA  00:59         │╭Notifications───────────────────────╮╰──────────────────────────────────╯
│( ) Light t││Slider: 30││?? j/k Navigate …  ││                                    │╭Toast─────────────────────────────╮
│(*) Dark th││          ││                   ││                                    ││┌───────────────────────────────┐ │
│           ││          ││                   ││                                    │││Success                        │ │
│           ││          ││                   ││                                    │││✓ Settings saved successfully  │ │
│           ││          ││                   ││                                    ││└───────────────────────────────┘ │
│           ││          ││                   ││                                    ││                                  │
│           ││          ││                   ││                                    ││                                  │
│           ││          ││                   ││                                    ││                                  │
│           ││          ││                   ││                                    ││                                  │
╰───────────╯╰──────────╯╰───────────────────╯╰────────────────────────────────────╯╰──────────────────────────────────╯
*.......                                                                                                                