┌ Inspector Demo ────────────────────────────────┐
│Hit regions             [48;2;0;0;0m                        [0m│
│- Button                [48;2;0;0;0m [0mInspector[48;2;0;0;0m              [0m│
│- [48;2;0;200;255mContent     [0m          [48;2;0;0;0m                        [0m│
│  [48;2;0;200;255m            [0m          [48;2;0;0;0m [0mMode: Hit Regions[48;2;0;0;0m      [0m│
│  [48;2;0;200;255m            [0m          [48;2;0;0;0m [0mHover: (4,7)[48;2;0;0;0m           [0m│
│                        [48;2;0;0;0m [0mRegion: Content[48;2;0;0;0m        [0m│
│  [48;2;255;165;0m [0m[48;2;255;255;0m [0m[48;2;255;165;0m                [0m    [48;2;0;0;0m [0mID: 2[48;2;0;0;0m                  [0m│
│  [48;2;255;165;0m                  [0m    [48;2;0;0;0m                        [0m│
│                        [48;2;0;0;0m                        [0m│
│                        [48;2;0;0;0m                        [0m│
│                        [48;2;0;0;0m                        [0m│
│                        [48;2;0;0;0m                        [0m│
│                        [48;2;0;0;0m                        [0m│
│                        [48;2;0;0;0m                        [0m│
└────────────────────────[48;2;0;0;0m────────────────────────[0m┘